Archive member included because of file (symbol)

c:/program files (x86)/atmel/studio/7.0/toolchain/arm/arm-gnu-toolchain/bin/../lib/gcc/arm-none-eabi/4.9.3/armv6-m\libgcc.a(_udivsi3.o)
                              src/ASF/common2/services/delay/sam0/systick_counter.o (__aeabi_uidiv)
c:/program files (x86)/atmel/studio/7.0/toolchain/arm/arm-gnu-toolchain/bin/../lib/gcc/arm-none-eabi/4.9.3/armv6-m\libgcc.a(_dvmd_tls.o)
                              c:/program files (x86)/atmel/studio/7.0/toolchain/arm/arm-gnu-toolchain/bin/../lib/gcc/arm-none-eabi/4.9.3/armv6-m\libgcc.a(_udivsi3.o) (__aeabi_idiv0)
c:/program files (x86)/atmel/studio/7.0/toolchain/arm/arm-gnu-toolchain/bin/../lib/gcc/arm-none-eabi/4.9.3/armv6-m\libgcc.a(_muldi3.o)
                              src/ASF/sam0/drivers/sercom/sercom.o (__aeabi_lmul)
c:/program files (x86)/atmel/studio/7.0/toolchain/arm/arm-gnu-toolchain/bin/../lib/gcc/arm-none-eabi/4.9.3/armv6-m\libgcc.a(_fixunsdfsi.o)
                              src/ASF/thirdparty/wireless/ble_sdk/src/platform.o (__aeabi_d2uiz)
c:/program files (x86)/atmel/studio/7.0/toolchain/arm/arm-gnu-toolchain/bin/../lib/gcc/arm-none-eabi/4.9.3/armv6-m\libgcc.a(divdf3.o)
                              src/ASF/thirdparty/wireless/ble_sdk/src/platform.o (__aeabi_ddiv)
c:/program files (x86)/atmel/studio/7.0/toolchain/arm/arm-gnu-toolchain/bin/../lib/gcc/arm-none-eabi/4.9.3/armv6-m\libgcc.a(muldf3.o)
                              src/ASF/thirdparty/wireless/ble_sdk/src/platform.o (__aeabi_dmul)
c:/program files (x86)/atmel/studio/7.0/toolchain/arm/arm-gnu-toolchain/bin/../lib/gcc/arm-none-eabi/4.9.3/armv6-m\libgcc.a(subdf3.o)
                              c:/program files (x86)/atmel/studio/7.0/toolchain/arm/arm-gnu-toolchain/bin/../lib/gcc/arm-none-eabi/4.9.3/armv6-m\libgcc.a(_fixunsdfsi.o) (__aeabi_dsub)
c:/program files (x86)/atmel/studio/7.0/toolchain/arm/arm-gnu-toolchain/bin/../lib/gcc/arm-none-eabi/4.9.3/armv6-m\libgcc.a(fixdfsi.o)
                              c:/program files (x86)/atmel/studio/7.0/toolchain/arm/arm-gnu-toolchain/bin/../lib/gcc/arm-none-eabi/4.9.3/armv6-m\libgcc.a(_fixunsdfsi.o) (__aeabi_d2iz)
c:/program files (x86)/atmel/studio/7.0/toolchain/arm/arm-gnu-toolchain/bin/../lib/gcc/arm-none-eabi/4.9.3/armv6-m\libgcc.a(floatunsidf.o)
                              src/ASF/thirdparty/wireless/ble_sdk/src/platform.o (__aeabi_ui2d)
c:/program files (x86)/atmel/studio/7.0/toolchain/arm/arm-gnu-toolchain/bin/../lib/gcc/arm-none-eabi/4.9.3/armv6-m\libgcc.a(_arm_cmpdf2.o)
                              c:/program files (x86)/atmel/studio/7.0/toolchain/arm/arm-gnu-toolchain/bin/../lib/gcc/arm-none-eabi/4.9.3/armv6-m\libgcc.a(_fixunsdfsi.o) (__aeabi_dcmpge)
c:/program files (x86)/atmel/studio/7.0/toolchain/arm/arm-gnu-toolchain/bin/../lib/gcc/arm-none-eabi/4.9.3/armv6-m\libgcc.a(_clzsi2.o)
                              c:/program files (x86)/atmel/studio/7.0/toolchain/arm/arm-gnu-toolchain/bin/../lib/gcc/arm-none-eabi/4.9.3/armv6-m\libgcc.a(divdf3.o) (__clzsi2)
c:/program files (x86)/atmel/studio/7.0/toolchain/arm/arm-gnu-toolchain/bin/../lib/gcc/arm-none-eabi/4.9.3/armv6-m\libgcc.a(eqdf2.o)
                              c:/program files (x86)/atmel/studio/7.0/toolchain/arm/arm-gnu-toolchain/bin/../lib/gcc/arm-none-eabi/4.9.3/armv6-m\libgcc.a(_arm_cmpdf2.o) (__eqdf2)
c:/program files (x86)/atmel/studio/7.0/toolchain/arm/arm-gnu-toolchain/bin/../lib/gcc/arm-none-eabi/4.9.3/armv6-m\libgcc.a(gedf2.o)
                              c:/program files (x86)/atmel/studio/7.0/toolchain/arm/arm-gnu-toolchain/bin/../lib/gcc/arm-none-eabi/4.9.3/armv6-m\libgcc.a(_arm_cmpdf2.o) (__gedf2)
c:/program files (x86)/atmel/studio/7.0/toolchain/arm/arm-gnu-toolchain/bin/../lib/gcc/arm-none-eabi/4.9.3/armv6-m\libgcc.a(ledf2.o)
                              c:/program files (x86)/atmel/studio/7.0/toolchain/arm/arm-gnu-toolchain/bin/../lib/gcc/arm-none-eabi/4.9.3/armv6-m\libgcc.a(_arm_cmpdf2.o) (__ledf2)
c:/program files (x86)/atmel/studio/7.0/toolchain/arm/arm-gnu-toolchain/bin/../lib/gcc/arm-none-eabi/4.9.3/../../../../arm-none-eabi/lib/armv6-m\libc_nano.a(lib_a-exit.o)
                              c:/program files (x86)/atmel/studio/7.0/toolchain/arm/arm-gnu-toolchain/bin/../lib/gcc/arm-none-eabi/4.9.3/../../../../arm-none-eabi/lib/armv6-m/crt0.o (exit)
c:/program files (x86)/atmel/studio/7.0/toolchain/arm/arm-gnu-toolchain/bin/../lib/gcc/arm-none-eabi/4.9.3/../../../../arm-none-eabi/lib/armv6-m\libc_nano.a(lib_a-impure.o)
                              c:/program files (x86)/atmel/studio/7.0/toolchain/arm/arm-gnu-toolchain/bin/../lib/gcc/arm-none-eabi/4.9.3/../../../../arm-none-eabi/lib/armv6-m\libc_nano.a(lib_a-exit.o) (_global_impure_ptr)
c:/program files (x86)/atmel/studio/7.0/toolchain/arm/arm-gnu-toolchain/bin/../lib/gcc/arm-none-eabi/4.9.3/../../../../arm-none-eabi/lib/armv6-m\libc_nano.a(lib_a-init.o)
[...]
Memory Configuration

Name             Origin             Length             Attributes
rom              0x00000000         0x00040000         xr
ram              0x20000000         0x00008000         xrw
*default*        0x00000000         0xffffffff

Linker script and memory map

LOAD c:/program files (x86)/atmel/studio/7.0/toolchain/arm/arm-gnu-toolchain/bin/../lib/gcc/arm-none-eabi/4.9.3/armv6-m/crti.o
LOAD c:/program files (x86)/atmel/studio/7.0/toolchain/arm/arm-gnu-toolchain/bin/../lib/gcc/arm-none-eabi/4.9.3/armv6-m/crtbegin.o
LOAD c:/program files (x86)/atmel/studio/7.0/toolchain/arm/arm-gnu-toolchain/bin/../lib/gcc/arm-none-eabi/4.9.3/../../../../arm-none-eabi/lib/armv6-m/crt0.o
LOAD src/ASF/common2/services/delay/sam0/systick_counter.o
LOAD src/ASF/common/utils/interrupt/interrupt_sam_nvic.o
LOAD src/ASF/sam0/boards/saml22_xplained_pro/board_init.o
LOAD src/ASF/sam0/drivers/extint/extint_callback.o
LOAD src/ASF/sam0/drivers/extint/extint_sam_l_c/extint.o
LOAD src/ASF/sam0/drivers/port/port.o
LOAD src/ASF/sam0/drivers/sercom/sercom.o
LOAD src/ASF/sam0/drivers/sercom/sercom_interrupt.o
LOAD src/ASF/sam0/drivers/sercom/usart/usart.o
LOAD src/ASF/sam0/drivers/sercom/usart/usart_interrupt.o
LOAD src/ASF/sam0/drivers/system/clock/clock_saml22/clock.o
LOAD src/ASF/sam0/drivers/system/clock/clock_saml22/gclk.o
LOAD src/ASF/sam0/drivers/system/interrupt/system_interrupt.o
LOAD src/ASF/sam0/drivers/system/pinmux/pinmux.o
LOAD src/ASF/sam0/drivers/system/system.o
LOAD src/ASF/sam0/drivers/tc/tc_interrupt.o
LOAD src/ASF/sam0/drivers/tc/tc_sam_l_c/tc.o
LOAD src/ASF/sam0/utils/cmsis/saml22/source/gcc/startup_saml22.o
LOAD src/ASF/sam0/utils/cmsis/saml22/source/system_saml22.o
LOAD src/ASF/sam0/utils/stdio/read.o
LOAD src/ASF/sam0/utils/stdio/write.o
LOAD src/ASF/sam0/utils/syscalls/gcc/syscalls.o
LOAD src/ASF/thirdparty/wireless/ble_sdk/ble_services/ble_mgr/ble_manager.o
LOAD src/ASF/thirdparty/wireless/ble_sdk/services/console/sam0/console_serial.o
LOAD src/ASF/thirdparty/wireless/ble_sdk/services/serial/uart/sam0/serial_drv.o
LOAD src/ASF/thirdparty/wireless/ble_sdk/services/serial_fifo/serial_fifo.o
LOAD src/ASF/thirdparty/wireless/ble_sdk/services/timer/sam0/timer_hw.o
LOAD src/ASF/thirdparty/wireless/ble_sdk/src/platform.o
LOAD src/BMD101/BMD101.o
LOAD src/main.o
START GROUP
LOAD ../src/ASF/thirdparty/CMSIS/Lib/GCC\libarm_cortexM0l_math.a
LOAD c:/program files (x86)/atmel/studio/7.0/toolchain/arm/arm-gnu-toolchain/bin/../lib/gcc/arm-none-eabi/4.9.3/../../../../arm-none-eabi/lib/armv6-m\libm.a
END GROUP
START GROUP
LOAD c:/program files (x86)/atmel/studio/7.0/toolchain/arm/arm-gnu-toolchain/bin/../lib/gcc/arm-none-eabi/4.9.3/armv6-m\libgcc.a
LOAD c:/program files (x86)/atmel/studio/7.0/toolchain/arm/arm-gnu-toolchain/bin/../lib/gcc/arm-none-eabi/4.9.3/../../../../arm-none-eabi/lib/armv6-m\libc_nano.a
END GROUP
START GROUP
LOAD c:/program files (x86)/atmel/studio/7.0/toolchain/arm/arm-gnu-toolchain/bin/../lib/gcc/arm-none-eabi/4.9.3/armv6-m\libgcc.a
LOAD c:/program files (x86)/atmel/studio/7.0/toolchain/arm/arm-gnu-toolchain/bin/../lib/gcc/arm-none-eabi/4.9.3/../../../../arm-none-eabi/lib/armv6-m\libc_nano.a
END GROUP
LOAD c:/program files (x86)/atmel/studio/7.0/toolchain/arm/arm-gnu-toolchain/bin/../lib/gcc/arm-none-eabi/4.9.3/armv6-m/crtend.o
LOAD c:/program files (x86)/atmel/studio/7.0/toolchain/arm/arm-gnu-toolchain/bin/../lib/gcc/arm-none-eabi/4.9.3/armv6-m/crtn.o
                0x00002000                STACK_SIZE = DEFINED (STACK_SIZE)?STACK_SIZE:DEFINED (__stack_size__)?__stack_size__:0x2000

.text           0x00000000     0x29dc
                0x00000000                . = ALIGN (0x4)
                0x00000000                _sfixed = .
 *(.vectors .vectors.*)
 .vectors       0x00000000       0xa8 src/ASF/sam0/utils/cmsis/saml22/source/gcc/startup_saml22.o
                0x00000000                exception_table
 *(.text .text.* .gnu.linkonce.t.*)
 .text          0x000000a8       0x60 c:/program files (x86)/atmel/studio/7.0/toolchain/arm/arm-gnu-toolchain/bin/../lib/gcc/arm-none-eabi/4.9.3/armv6-m/crtbegin.o
 .text.cpu_irq_enter_critical
                0x00000108       0x40 src/ASF/common/utils/interrupt/interrupt_sam_nvic.o
                0x00000108                cpu_irq_enter_critical
 .text.cpu_irq_leave_critical
                0x00000148       0x30 src/ASF/common/utils/interrupt/interrupt_sam_nvic.o
                0x00000148                cpu_irq_leave_critical
 .text.system_board_init
                0x00000178       0x38 src/ASF/sam0/boards/saml22_xplained_pro/board_init.o
                0x00000178                board_init
                0x00000178                system_board_init
 .text.EIC_Handler
                0x000001b0       0x68 src/ASF/sam0/drivers/extint/extint_callback.o
                0x000001b0                EIC_Handler
 .text._extint_enable
                0x00000218       0x20 src/ASF/sam0/drivers/extint/extint_sam_l_c/extint.o
 .text._system_extint_init
                0x00000238       0x84 src/ASF/sam0/drivers/extint/extint_sam_l_c/extint.o
                0x00000238                _system_extint_init
 .text.port_pin_set_config
                0x000002bc       0x24 src/ASF/sam0/drivers/port/port.o
                0x000002bc                port_pin_set_config
 .text._sercom_get_sync_baud_val
                0x000002e0       0x28 src/ASF/sam0/drivers/sercom/sercom.o
                0x000002e0                _sercom_get_sync_baud_val
 .text._sercom_get_async_baud_val
                0x00000308      0x1c8 src/ASF/sam0/drivers/sercom/sercom.o
                0x00000308                _sercom_get_async_baud_val
 .text.sercom_set_gclk_generator
                0x000004d0       0x4c src/ASF/sam0/drivers/sercom/sercom.o
                0x000004d0                sercom_set_gclk_generator
 .text._sercom_get_default_pad
                0x0000051c      0x18c src/ASF/sam0/drivers/sercom/sercom.o
                0x0000051c                _sercom_get_default_pad
 .text._sercom_get_sercom_inst_index
                0x000006a8       0x3c src/ASF/sam0/drivers/sercom/sercom.o
                0x000006a8                _sercom_get_sercom_inst_index
 .text._sercom_default_handler
                0x000006e4        0x4 src/ASF/sam0/drivers/sercom/sercom_interrupt.o
 .text._sercom_set_handler
                0x000006e8       0x3c src/ASF/sam0/drivers/sercom/sercom_interrupt.o
                0x000006e8                _sercom_set_handler
 .text._sercom_get_interrupt_vector
                0x00000724       0x2c src/ASF/sam0/drivers/sercom/sercom_interrupt.o
                0x00000724                _sercom_get_interrupt_vector
 .text.SERCOM0_Handler
                0x00000750       0x10 src/ASF/sam0/drivers/sercom/sercom_interrupt.o
                0x00000750                SERCOM0_Handler
 .text.SERCOM1_Handler
                0x00000760       0x10 src/ASF/sam0/drivers/sercom/sercom_interrupt.o
                0x00000760                SERCOM1_Handler
 .text.SERCOM2_Handler
                0x00000770       0x10 src/ASF/sam0/drivers/sercom/sercom_interrupt.o
                0x00000770                SERCOM2_Handler
 .text.SERCOM3_Handler
                0x00000780       0x10 src/ASF/sam0/drivers/sercom/sercom_interrupt.o
                0x00000780                SERCOM3_Handler
 .text.SERCOM4_Handler
                0x00000790       0x10 src/ASF/sam0/drivers/sercom/sercom_interrupt.o
                0x00000790                SERCOM4_Handler
 .text.SERCOM5_Handler
                0x000007a0       0x10 src/ASF/sam0/drivers/sercom/sercom_interrupt.o
                0x000007a0                SERCOM5_Handler
 .text.usart_init
                0x000007b0      0x3c0 src/ASF/sam0/drivers/sercom/usart/usart.o
                0x000007b0                usart_init
 .text.usart_write_wait
                0x00000b70       0x2c src/ASF/sam0/drivers/sercom/usart/usart.o
                0x00000b70                usart_write_wait
 .text._usart_interrupt_handler
                0x00000b9c      0x198 src/ASF/sam0/drivers/sercom/usart/usart_interrupt.o
                0x00000b9c                _usart_interrupt_handler
 .text.system_clock_source_get_hz
                0x00000d34       0x94 src/ASF/sam0/drivers/system/clock/clock_saml22/clock.o
                0x00000d34                system_clock_source_get_hz
 .text.system_clock_init
                0x00000dc8       0xec src/ASF/sam0/drivers/system/clock/clock_saml22/clock.o
                0x00000dc8                system_clock_init
 .text.system_gclk_init
                0x00000eb4       0x24 src/ASF/sam0/drivers/system/clock/clock_saml22/gclk.o
                0x00000eb4                system_gclk_init
 .text.system_gclk_gen_set_config
                0x00000ed8       0xa8 src/ASF/sam0/drivers/system/clock/clock_saml22/gclk.o
                0x00000ed8                system_gclk_gen_set_config
 .text.system_gclk_gen_enable
                0x00000f80       0x3c src/ASF/sam0/drivers/system/clock/clock_saml22/gclk.o
                0x00000f80                system_gclk_gen_enable
 .text.system_gclk_gen_get_hz
                0x00000fbc       0x68 src/ASF/sam0/drivers/system/clock/clock_saml22/gclk.o
                0x00000fbc                system_gclk_gen_get_hz
 .text.system_gclk_chan_enable
                0x00001024       0x34 src/ASF/sam0/drivers/system/clock/clock_saml22/gclk.o
                0x00001024                system_gclk_chan_enable
 .text.system_gclk_chan_disable
                0x00001058       0x34 src/ASF/sam0/drivers/system/clock/clock_saml22/gclk.o
                0x00001058                system_gclk_chan_disable
 .text.system_gclk_chan_set_config
                0x0000108c       0x24 src/ASF/sam0/drivers/system/clock/clock_saml22/gclk.o
                0x0000108c                system_gclk_chan_set_config
 .text.system_gclk_chan_get_hz
                0x000010b0       0x30 src/ASF/sam0/drivers/system/clock/clock_saml22/gclk.o
                0x000010b0                system_gclk_chan_get_hz
 .text._system_pinmux_config
                0x000010e0       0xa8 src/ASF/sam0/drivers/system/pinmux/pinmux.o
 .text.system_pinmux_pin_set_config
                0x00001188       0x30 src/ASF/sam0/drivers/system/pinmux/pinmux.o
                0x00001188                system_pinmux_pin_set_config
 .text._system_dummy_init
                0x000011b8        0x4 src/ASF/sam0/drivers/system/system.o
                0x000011b8                _system_events_init
                0x000011b8                _system_dummy_init
                0x000011b8                _system_divas_init
 .text.system_init
                0x000011bc       0x2c src/ASF/sam0/drivers/system/system.o
                0x000011bc                system_init
 .text._tc_interrupt_handler
                0x000011e8       0x5c src/ASF/sam0/drivers/tc/tc_interrupt.o
                0x000011e8                _tc_interrupt_handler
 .text.TC0_Handler
                0x00001244       0x10 src/ASF/sam0/drivers/tc/tc_interrupt.o
                0x00001244                TC0_Handler
 .text.TC1_Handler
                0x00001254       0x10 src/ASF/sam0/drivers/tc/tc_interrupt.o
                0x00001254                TC1_Handler
 .text.TC2_Handler
                0x00001264       0x10 src/ASF/sam0/drivers/tc/tc_interrupt.o
                0x00001264                TC2_Handler
 .text.TC3_Handler
                0x00001274       0x10 src/ASF/sam0/drivers/tc/tc_interrupt.o
                0x00001274                TC3_Handler
 .text.Dummy_Handler
                0x00001284        0x4 src/ASF/sam0/utils/cmsis/saml22/source/gcc/startup_saml22.o
                0x00001284                DMAC_Handler
                0x00001284                TRNG_Handler
                0x00001284                HardFault_Handler
                0x00001284                AC_Handler
                0x00001284                SysTick_Handler
                0x00001284                PendSV_Handler
                0x00001284                NMI_Handler
                0x00001284                ADC_Handler
                0x00001284                TCC0_Handler
                0x00001284                RTC_Handler
                0x00001284                WDT_Handler
                0x00001284                USB_Handler
                0x00001284                Dummy_Handler
                0x00001284                SVC_Handler
                0x00001284                EVSYS_Handler
                0x00001284                NVMCTRL_Handler
                0x00001284                SYSTEM_Handler
                0x00001284                PTC_Handler
                0x00001284                FREQM_Handler
                0x00001284                SLCD_Handler
                0x00001284                AES_Handler
 .text.Reset_Handler
                0x00001288       0x9c src/ASF/sam0/utils/cmsis/saml22/source/gcc/startup_saml22.o
                0x00001288                Reset_Handler
 .text._read    0x00001324       0x44 src/ASF/sam0/utils/stdio/read.o
                0x00001324                _read
 .text._write   0x00001368       0x50 src/ASF/sam0/utils/stdio/write.o
                0x00001368                _write
 .text._sbrk    0x000013b8       0x24 src/ASF/sam0/utils/syscalls/gcc/syscalls.o
                0x000013b8                _sbrk
 .text._close   0x000013dc        0x8 src/ASF/sam0/utils/syscalls/gcc/syscalls.o
                0x000013dc                _close
 .text._fstat   0x000013e4        0xc src/ASF/sam0/utils/syscalls/gcc/syscalls.o
                0x000013e4                _fstat
 .text._isatty  0x000013f0        0x4 src/ASF/sam0/utils/syscalls/gcc/syscalls.o
                0x000013f0                _isatty
 .text._lseek   0x000013f4        0x4 src/ASF/sam0/utils/syscalls/gcc/syscalls.o
                0x000013f4                _lseek
 .text.Get_PoorSignal_HeartRate
                0x000013f8      0x214 src/BMD101/BMD101.o
                0x000013f8                Get_PoorSignal_HeartRate
 .text.usart_serial_getchar
                0x0000160c       0x24 src/main.o
 .text.usart_serial_putchar
                0x00001630       0x18 src/main.o
 .text.main     0x00001648      0x168 src/main.o
                0x00001648                main
 .text          0x000017b0      0x120 c:/program files (x86)/atmel/studio/7.0/toolchain/arm/arm-gnu-toolchain/bin/../lib/gcc/arm-none-eabi/4.9.3/armv6-m\libgcc.a(_udivsi3.o)
                0x000017b0                __aeabi_uidiv
                0x000017b0                __udivsi3
                0x000018bc                __aeabi_uidivmod
 .text          0x000018d0        0x4 c:/program files (x86)/atmel/studio/7.0/toolchain/arm/arm-gnu-toolchain/bin/../lib/gcc/arm-none-eabi/4.9.3/armv6-m\libgcc.a(_dvmd_tls.o)
                0x000018d0                __aeabi_idiv0
                0x000018d0                __aeabi_ldiv0
 .text          0x000018d4       0x54 c:/program files (x86)/atmel/studio/7.0/toolchain/arm/arm-gnu-toolchain/bin/../lib/gcc/arm-none-eabi/4.9.3/armv6-m\libgcc.a(_muldi3.o)
                0x000018d4                __muldi3
                0x000018d4                __aeabi_lmul
 .text.__libc_init_array
                0x00001928       0x4c c:/program files (x86)/atmel/studio/7.0/toolchain/arm/arm-gnu-toolchain/bin/../lib/gcc/arm-none-eabi/4.9.3/../../../../arm-none-eabi/lib/armv6-m\libc_nano.a(lib_a-init.o)
                0x00001928                __libc_init_array
 .text.memcpy   0x00001974       0x12 c:/program files (x86)/atmel/studio/7.0/toolchain/arm/arm-gnu-toolchain/bin/../lib/gcc/arm-none-eabi/4.9.3/../../../../arm-none-eabi/lib/armv6-m\libc_nano.a(lib_a-memcpy.o)
                0x00001974                memcpy
 .text.memset   0x00001986       0x10 c:/program files (x86)/atmel/studio/7.0/toolchain/arm/arm-gnu-toolchain/bin/../lib/gcc/arm-none-eabi/4.9.3/../../../../arm-none-eabi/lib/armv6-m\libc_nano.a(lib_a-memset.o)
                0x00001986                memset
 *fill*         0x00001996        0x2 
 .text.printf   0x00001998       0x34 c:/program files (x86)/atmel/studio/7.0/toolchain/arm/arm-gnu-toolchain/bin/../lib/gcc/arm-none-eabi/4.9.3/../../../../arm-none-eabi/lib/armv6-m\libc_nano.a(lib_a-printf.o)
                0x00001998                iprintf
                0x00001998                printf
 .text.setbuf   0x000019cc       0x12 c:/program files (x86)/atmel/studio/7.0/toolchain/arm/arm-gnu-toolchain/bin/../lib/gcc/arm-none-eabi/4.9.3/../../../../arm-none-eabi/lib/armv6-m\libc_nano.a(lib_a-setbuf.o)
                0x000019cc                setbuf
 *fill*         0x000019de        0x2 
 .text.setvbuf  0x000019e0      0x10c c:/program files (x86)/atmel/studio/7.0/toolchain/arm/arm-gnu-toolchain/bin/../lib/gcc/arm-none-eabi/4.9.3/../../../../arm-none-eabi/lib/armv6-m\libc_nano.a(lib_a-setvbuf.o)
                0x000019e0                setvbuf
 .text.__sflush_r
                0x00001aec      0x112 c:/program files (x86)/atmel/studio/7.0/toolchain/arm/arm-gnu-toolchain/bin/../lib/gcc/arm-none-eabi/4.9.3/../../../../arm-none-eabi/lib/armv6-m\libc_nano.a(lib_a-fflush.o)
                0x00001aec                __sflush_r
 *fill*         0x00001bfe        0x2 
 .text._fflush_r
                0x00001c00       0x58 c:/program files (x86)/atmel/studio/7.0/toolchain/arm/arm-gnu-toolchain/bin/../lib/gcc/arm-none-eabi/4.9.3/../../../../arm-none-eabi/lib/armv6-m\libc_nano.a(lib_a-fflush.o)
                0x00001c00                _fflush_r
 .text._cleanup_r
                0x00001c58       0x10 c:/program files (x86)/atmel/studio/7.0/toolchain/arm/arm-gnu-toolchain/bin/../lib/gcc/arm-none-eabi/4.9.3/../../../../arm-none-eabi/lib/armv6-m\libc_nano.a(lib_a-findfp.o)
                0x00001c58                _cleanup_r
 .text.std.isra.0
                0x00001c68       0x48 c:/program files (x86)/atmel/studio/7.0/toolchain/arm/arm-gnu-toolchain/bin/../lib/gcc/arm-none-eabi/4.9.3/../../../../arm-none-eabi/lib/armv6-m\libc_nano.a(lib_a-findfp.o)
 .text.__sfmoreglue
                0x00001cb0       0x2c c:/program files (x86)/atmel/studio/7.0/toolchain/arm/arm-gnu-toolchain/bin/../lib/gcc/arm-none-eabi/4.9.3/../../../../arm-none-eabi/lib/armv6-m\libc_nano.a(lib_a-findfp.o)
                0x00001cb0                __sfmoreglue
 .text.__sinit  0x00001cdc       0x64 c:/program files (x86)/atmel/studio/7.0/toolchain/arm/arm-gnu-toolchain/bin/../lib/gcc/arm-none-eabi/4.9.3/../../../../arm-none-eabi/lib/armv6-m\libc_nano.a(lib_a-findfp.o)
                0x00001cdc                __sinit
 .text.__sfp    0x00001d40       0x7c c:/program files (x86)/atmel/studio/7.0/toolchain/arm/arm-gnu-toolchain/bin/../lib/gcc/arm-none-eabi/4.9.3/../../../../arm-none-eabi/lib/armv6-m\libc_nano.a(lib_a-findfp.o)
                0x00001d40                __sfp
 .text._fwalk_reent
                0x00001dbc       0x42 c:/program files (x86)/atmel/studio/7.0/toolchain/arm/arm-gnu-toolchain/bin/../lib/gcc/arm-none-eabi/4.9.3/../../../../arm-none-eabi/lib/armv6-m\libc_nano.a(lib_a-fwalk.o)
                0x00001dbc                _fwalk_reent
 *fill*         0x00001dfe        0x2 
 .text.malloc   0x00001e00       0x14 c:/program files (x86)/atmel/studio/7.0/toolchain/arm/arm-gnu-toolchain/bin/../lib/gcc/arm-none-eabi/4.9.3/../../../../arm-none-eabi/lib/armv6-m\libc_nano.a(lib_a-malloc.o)
                0x00001e00                malloc
 .text._free_r  0x00001e14       0x8c c:/program files (x86)/atmel/studio/7.0/toolchain/arm/arm-gnu-toolchain/bin/../lib/gcc/arm-none-eabi/4.9.3/../../../../arm-none-eabi/lib/armv6-m\libc_nano.a(lib_a-nano-freer.o)
                0x00001e14                _free_r
 .text._malloc_r
                0x00001ea0       0xb0 c:/program files (x86)/atmel/studio/7.0/toolchain/arm/arm-gnu-toolchain/bin/../lib/gcc/arm-none-eabi/4.9.3/../../../../arm-none-eabi/lib/armv6-m\libc_nano.a(lib_a-nano-mallocr.o)
                0x00001ea0                _malloc_r
 .text.__sfputc_r
                0x00001f50       0x2a c:/program files (x86)/atmel/studio/7.0/toolchain/arm/arm-gnu-toolchain/bin/../lib/gcc/arm-none-eabi/4.9.3/../../../../arm-none-eabi/lib/armv6-m\libc_nano.a(lib_a-nano-vfprintf.o)
 .text.__sfputs_r
                0x00001f7a       0x24 c:/program files (x86)/atmel/studio/7.0/toolchain/arm/arm-gnu-toolchain/bin/../lib/gcc/arm-none-eabi/4.9.3/../../../../arm-none-eabi/lib/armv6-m\libc_nano.a(lib_a-nano-vfprintf.o)
                0x00001f7a                __sfputs_r
 *fill*         0x00001f9e        0x2 
 .text._vfprintf_r
                0x00001fa0      0x220 c:/program files (x86)/atmel/studio/7.0/toolchain/arm/arm-gnu-toolchain/bin/../lib/gcc/arm-none-eabi/4.9.3/../../../../arm-none-eabi/lib/armv6-m\libc_nano.a(lib_a-nano-vfprintf.o)
                0x00001fa0                _vfprintf_r
                0x00001fa0                _vfiprintf_r
 .text._printf_common
                0x000021c0       0xdc c:/program files (x86)/atmel/studio/7.0/toolchain/arm/arm-gnu-toolchain/bin/../lib/gcc/arm-none-eabi/4.9.3/../../../../arm-none-eabi/lib/armv6-m\libc_nano.a(lib_a-nano-vfprintf_i.o)
                0x000021c0                _printf_common
 .text._printf_i
                0x0000229c      0x230 c:/program files (x86)/atmel/studio/7.0/toolchain/arm/arm-gnu-toolchain/bin/../lib/gcc/arm-none-eabi/4.9.3/../../../../arm-none-eabi/lib/armv6-m\libc_nano.a(lib_a-nano-vfprintf_i.o)
                0x0000229c                _printf_i
 .text._sbrk_r  0x000024cc       0x24 c:/program files (x86)/atmel/studio/7.0/toolchain/arm/arm-gnu-toolchain/bin/../lib/gcc/arm-none-eabi/4.9.3/../../../../arm-none-eabi/lib/armv6-m\libc_nano.a(lib_a-sbrkr.o)
                0x000024cc                _sbrk_r
 .text.__sread  0x000024f0       0x28 c:/program files (x86)/atmel/studio/7.0/toolchain/arm/arm-gnu-toolchain/bin/../lib/gcc/arm-none-eabi/4.9.3/../../../../arm-none-eabi/lib/armv6-m\libc_nano.a(lib_a-stdio.o)
                0x000024f0                __sread
 .text.__swrite
                0x00002518       0x38 c:/program files (x86)/atmel/studio/7.0/toolchain/arm/arm-gnu-toolchain/bin/../lib/gcc/arm-none-eabi/4.9.3/../../../../arm-none-eabi/lib/armv6-m\libc_nano.a(lib_a-stdio.o)
                0x00002518                __swrite
 .text.__sseek  0x00002550       0x2c c:/program files (x86)/atmel/studio/7.0/toolchain/arm/arm-gnu-toolchain/bin/../lib/gcc/arm-none-eabi/4.9.3/../../../../arm-none-eabi/lib/armv6-m\libc_nano.a(lib_a-stdio.o)
                0x00002550                __sseek
 .text.__sclose
                0x0000257c        0xc c:/program files (x86)/atmel/studio/7.0/toolchain/arm/arm-gnu-toolchain/bin/../lib/gcc/arm-none-eabi/4.9.3/../../../../arm-none-eabi/lib/armv6-m\libc_nano.a(lib_a-stdio.o)
                0x0000257c                __sclose
 .text.__swbuf_r
                0x00002588       0xb0 c:/program files (x86)/atmel/studio/7.0/toolchain/arm/arm-gnu-toolchain/bin/../lib/gcc/arm-none-eabi/4.9.3/../../../../arm-none-eabi/lib/armv6-m\libc_nano.a(lib_a-wbuf.o)
                0x00002588                __swbuf_r
 .text._write_r
                0x00002638       0x28 c:/program files (x86)/atmel/studio/7.0/toolchain/arm/arm-gnu-toolchain/bin/../lib/gcc/arm-none-eabi/4.9.3/../../../../arm-none-eabi/lib/armv6-m\libc_nano.a(lib_a-writer.o)
                0x00002638                _write_r
 .text.__swsetup_r
                0x00002660       0xe8 c:/program files (x86)/atmel/studio/7.0/toolchain/arm/arm-gnu-toolchain/bin/../lib/gcc/arm-none-eabi/4.9.3/../../../../arm-none-eabi/lib/armv6-m\libc_nano.a(lib_a-wsetup.o)
                0x00002660                __swsetup_r
 .text._close_r
                0x00002748       0x24 c:/program files (x86)/atmel/studio/7.0/toolchain/arm/arm-gnu-toolchain/bin/../lib/gcc/arm-none-eabi/4.9.3/../../../../arm-none-eabi/lib/armv6-m\libc_nano.a(lib_a-closer.o)
                0x00002748                _close_r
 .text._lseek_r
                0x0000276c       0x28 c:/program files (x86)/atmel/studio/7.0/toolchain/arm/arm-gnu-toolchain/bin/../lib/gcc/arm-none-eabi/4.9.3/../../../../arm-none-eabi/lib/armv6-m\libc_nano.a(lib_a-lseekr.o)
                0x0000276c                _lseek_r
 .text.__smakebuf_r
                0x00002794       0xb0 c:/program files (x86)/atmel/studio/7.0/toolchain/arm/arm-gnu-toolchain/bin/../lib/gcc/arm-none-eabi/4.9.3/../../../../arm-none-eabi/lib/armv6-m\libc_nano.a(lib_a-makebuf.o)
                0x00002794                __smakebuf_r
 .text.memchr   0x00002844       0x16 c:/program files (x86)/atmel/studio/7.0/toolchain/arm/arm-gnu-toolchain/bin/../lib/gcc/arm-none-eabi/4.9.3/../../../../arm-none-eabi/lib/armv6-m\libc_nano.a(lib_a-memchr.o)
                0x00002844                memchr
 *fill*         0x0000285a        0x2 
 .text._read_r  0x0000285c       0x28 c:/program files (x86)/atmel/studio/7.0/toolchain/arm/arm-gnu-toolchain/bin/../lib/gcc/arm-none-eabi/4.9.3/../../../../arm-none-eabi/lib/armv6-m\libc_nano.a(lib_a-readr.o)
                0x0000285c                _read_r
 .text._fstat_r
                0x00002884       0x24 c:/program files (x86)/atmel/studio/7.0/toolchain/arm/arm-gnu-toolchain/bin/../lib/gcc/arm-none-eabi/4.9.3/../../../../arm-none-eabi/lib/armv6-m\libc_nano.a(lib_a-fstatr.o)
                0x00002884                _fstat_r
 .text._isatty_r
                0x000028a8       0x24 c:/program files (x86)/atmel/studio/7.0/toolchain/arm/arm-gnu-toolchain/bin/../lib/gcc/arm-none-eabi/4.9.3/../../../../arm-none-eabi/lib/armv6-m\libc_nano.a(lib_a-isattyr.o)
                0x000028a8                _isatty_r
 *(.glue_7t)
 .glue_7t       0x00000000        0x0 linker stubs
 *(.glue_7)
 .glue_7        0x00000000        0x0 linker stubs
 *(.rodata .rodata* .gnu.linkonce.r.*)
 .rodata        0x000028cc       0x18 src/ASF/sam0/drivers/sercom/sercom.o
 .rodata        0x000028e4        0x6 src/ASF/sam0/drivers/sercom/sercom_interrupt.o
 *fill*         0x000028ea        0x2 
 .rodata.system_clock_source_get_hz
                0x000028ec       0x20 src/ASF/sam0/drivers/system/clock/clock_saml22/clock.o
 .rodata.str1.4
                0x0000290c       0x14 src/main.o
                                 0x11 (size before relaxing)
 .rodata.str1.1
                0x00002920        0x2 c:/program files (x86)/atmel/studio/7.0/toolchain/arm/arm-gnu-toolchain/bin/../lib/gcc/arm-none-eabi/4.9.3/../../../../arm-none-eabi/lib/armv6-m\libc_nano.a(lib_a-impure.o)
 *fill*         0x00002922        0x2 
 .rodata._global_impure_ptr
                0x00002924        0x4 c:/program files (x86)/atmel/studio/7.0/toolchain/arm/arm-gnu-toolchain/bin/../lib/gcc/arm-none-eabi/4.9.3/../../../../arm-none-eabi/lib/armv6-m\libc_nano.a(lib_a-impure.o)
                0x00002924                _global_impure_ptr
 .rodata.__sf_fake_stdin
                0x00002928       0x20 c:/program files (x86)/atmel/studio/7.0/toolchain/arm/arm-gnu-toolchain/bin/../lib/gcc/arm-none-eabi/4.9.3/../../../../arm-none-eabi/lib/armv6-m\libc_nano.a(lib_a-findfp.o)
                0x00002928                __sf_fake_stdin
 .rodata.__sf_fake_stdout
                0x00002948       0x20 c:/program files (x86)/atmel/studio/7.0/toolchain/arm/arm-gnu-toolchain/bin/../lib/gcc/arm-none-eabi/4.9.3/../../../../arm-none-eabi/lib/armv6-m\libc_nano.a(lib_a-findfp.o)
                0x00002948                __sf_fake_stdout
 .rodata.__sf_fake_stderr
                0x00002968       0x20 c:/program files (x86)/atmel/studio/7.0/toolchain/arm/arm-gnu-toolchain/bin/../lib/gcc/arm-none-eabi/4.9.3/../../../../arm-none-eabi/lib/armv6-m\libc_nano.a(lib_a-findfp.o)
                0x00002968                __sf_fake_stderr
 .rodata.str1.1
                0x00002988       0x11 c:/program files (x86)/atmel/studio/7.0/toolchain/arm/arm-gnu-toolchain/bin/../lib/gcc/arm-none-eabi/4.9.3/../../../../arm-none-eabi/lib/armv6-m\libc_nano.a(lib_a-nano-vfprintf.o)
 .rodata.str1.1
                0x00002999       0x22 c:/program files (x86)/atmel/studio/7.0/toolchain/arm/arm-gnu-toolchain/bin/../lib/gcc/arm-none-eabi/4.9.3/../../../../arm-none-eabi/lib/armv6-m\libc_nano.a(lib_a-nano-vfprintf_i.o)
 *(.ARM.extab* .gnu.linkonce.armextab.*)
                0x000029bc                . = ALIGN (0x4)
 *fill*         0x000029bb        0x1 
 *(.init)
 .init          0x000029bc        0x4 c:/program files (x86)/atmel/studio/7.0/toolchain/arm/arm-gnu-toolchain/bin/../lib/gcc/arm-none-eabi/4.9.3/armv6-m/crti.o
                0x000029bc                _init
 .init          0x000029c0        0x8 c:/program files (x86)/atmel/studio/7.0/toolchain/arm/arm-gnu-toolchain/bin/../lib/gcc/arm-none-eabi/4.9.3/armv6-m/crtn.o
                0x000029c8                . = ALIGN (0x4)
                0x000029c8                __preinit_array_start = .
 *(.preinit_array)
                0x000029c8                __preinit_array_end = .
                0x000029c8                . = ALIGN (0x4)
                0x000029c8                __init_array_start = .
 *(SORT(.init_array.*))
 *(.init_array)
 .init_array    0x000029c8        0x4 c:/program files (x86)/atmel/studio/7.0/toolchain/arm/arm-gnu-toolchain/bin/../lib/gcc/arm-none-eabi/4.9.3/armv6-m/crtbegin.o
                0x000029cc                __init_array_end = .
                0x000029cc                . = ALIGN (0x4)
 *crtbegin.o(.ctors)
 *(EXCLUDE_FILE(*crtend.o) .ctors)
 *(SORT(.ctors.*))
 *crtend.o(.ctors)
                0x000029cc                . = ALIGN (0x4)
 *(.fini)
 .fini          0x000029cc        0x4 c:/program files (x86)/atmel/studio/7.0/toolchain/arm/arm-gnu-toolchain/bin/../lib/gcc/arm-none-eabi/4.9.3/armv6-m/crti.o
                0x000029cc                _fini
 .fini          0x000029d0        0x8 c:/program files (x86)/atmel/studio/7.0/toolchain/arm/arm-gnu-toolchain/bin/../lib/gcc/arm-none-eabi/4.9.3/armv6-m/crtn.o
                0x000029d8                . = ALIGN (0x4)
                0x000029d8                __fini_array_start = .
 *(.fini_array)
 .fini_array    0x000029d8        0x4 c:/program files (x86)/atmel/studio/7.0/toolchain/arm/arm-gnu-toolchain/bin/../lib/gcc/arm-none-eabi/4.9.3/armv6-m/crtbegin.o
 *(SORT(.fini_array.*))
                0x000029dc                __fini_array_end = .
 *crtbegin.o(.dtors)
 *(EXCLUDE_FILE(*crtend.o) .dtors)
 *(SORT(.dtors.*))
 *crtend.o(.dtors)
                0x000029dc                . = ALIGN (0x4)
                0x000029dc                _efixed = .
                0x000029dc                PROVIDE (__exidx_start, .)

.vfp11_veneer   0x000029dc        0x0
 .vfp11_veneer  0x00000000        0x0 linker stubs

.v4_bx          0x000029dc        0x0
 .v4_bx         0x00000000        0x0 linker stubs

.iplt           0x000029dc        0x0
 .iplt          0x00000000        0x0 c:/program files (x86)/atmel/studio/7.0/toolchain/arm/arm-gnu-toolchain/bin/../lib/gcc/arm-none-eabi/4.9.3/armv6-m/crtbegin.o

.eh_frame       0x000029dc        0x0
 .eh_frame      0x000029dc        0x0 c:/program files (x86)/atmel/studio/7.0/toolchain/arm/arm-gnu-toolchain/bin/../lib/gcc/arm-none-eabi/4.9.3/armv6-m/crtbegin.o

.rel.dyn        0x000029dc        0x0
 .rel.iplt      0x00000000        0x0 c:/program files (x86)/atmel/studio/7.0/toolchain/arm/arm-gnu-toolchain/bin/../lib/gcc/arm-none-eabi/4.9.3/armv6-m/crtbegin.o

.jcr            0x000029dc        0x0
 .jcr           0x000029dc        0x0 c:/program files (x86)/atmel/studio/7.0/toolchain/arm/arm-gnu-toolchain/bin/../lib/gcc/arm-none-eabi/4.9.3/armv6-m/crtbegin.o

.igot.plt       0x000029dc        0x0
 .igot.plt      0x00000000        0x0 c:/program files (x86)/atmel/studio/7.0/toolchain/arm/arm-gnu-toolchain/bin/../lib/gcc/arm-none-eabi/4.9.3/armv6-m/crtbegin.o

.ARM.exidx
 *(.ARM.exidx* .gnu.linkonce.armexidx.*)
                0x000029dc                PROVIDE (__exidx_end, .)
                0x000029dc                . = ALIGN (0x4)
                0x000029dc                _etext = .

.relocate       0x20000000       0x68 load address 0x000029dc
                0x20000000                . = ALIGN (0x4)
                0x20000000                _srelocate = .
 *(.ramfunc .ramfunc.*)
 *(.data .data.*)
 .data.g_interrupt_enabled
                0x20000000        0x1 src/ASF/common/utils/interrupt/interrupt_sam_nvic.o
                0x20000000                g_interrupt_enabled
 *fill*         0x20000001        0x3 
 .data.impure_data
                0x20000004       0x60 c:/program files (x86)/atmel/studio/7.0/toolchain/arm/arm-gnu-toolchain/bin/../lib/gcc/arm-none-eabi/4.9.3/../../../../arm-none-eabi/lib/armv6-m\libc_nano.a(lib_a-impure.o)
 .data._impure_ptr
                0x20000064        0x4 c:/program files (x86)/atmel/studio/7.0/toolchain/arm/arm-gnu-toolchain/bin/../lib/gcc/arm-none-eabi/4.9.3/../../../../arm-none-eabi/lib/armv6-m\libc_nano.a(lib_a-impure.o)
                0x20000064                _impure_ptr
                0x20000068                . = ALIGN (0x4)
                0x20000068                _erelocate = .

.bss            0x20000068      0x17c load address 0x00002a44
                0x20000068                . = ALIGN (0x4)
                0x20000068                _sbss = .
                0x20000068                _szero = .
 *(.bss .bss.*)
 .bss           0x20000068       0x1c c:/program files (x86)/atmel/studio/7.0/toolchain/arm/arm-gnu-toolchain/bin/../lib/gcc/arm-none-eabi/4.9.3/armv6-m/crtbegin.o
 .bss.cpu_irq_critical_section_counter
                0x20000084        0x4 src/ASF/common/utils/interrupt/interrupt_sam_nvic.o
 .bss.cpu_irq_prev_interrupt_state
                0x20000088        0x1 src/ASF/common/utils/interrupt/interrupt_sam_nvic.o
 *fill*         0x20000089        0x3 
 .bss._sercom_config
                0x2000008c        0x2 src/ASF/sam0/drivers/sercom/sercom.o
 .bss._handler_table_initialized
                0x2000008e        0x1 src/ASF/sam0/drivers/sercom/sercom_interrupt.o
 *fill*         0x2000008f        0x1 
 .bss._sercom_interrupt_handlers
                0x20000090       0x18 src/ASF/sam0/drivers/sercom/sercom_interrupt.o
 .bss._system_clock_inst
                0x200000a8       0x18 src/ASF/sam0/drivers/system/clock/clock_saml22/clock.o
 .bss.heap.5211
                0x200000c0        0x4 src/ASF/sam0/utils/syscalls/gcc/syscalls.o
 .bss.generatedCheckSum
                0x200000c4        0x4 src/BMD101/BMD101.o
                0x200000c4                generatedCheckSum
 .bss.__malloc_sbrk_start
                0x200000c8        0x4 c:/program files (x86)/atmel/studio/7.0/toolchain/arm/arm-gnu-toolchain/bin/../lib/gcc/arm-none-eabi/4.9.3/../../../../arm-none-eabi/lib/armv6-m\libc_nano.a(lib_a-nano-mallocr.o)
                0x200000c8                __malloc_sbrk_start
 .bss.__malloc_free_list
                0x200000cc        0x4 c:/program files (x86)/atmel/studio/7.0/toolchain/arm/arm-gnu-toolchain/bin/../lib/gcc/arm-none-eabi/4.9.3/../../../../arm-none-eabi/lib/armv6-m\libc_nano.a(lib_a-nano-mallocr.o)
                0x200000cc                __malloc_free_list
 *(COMMON)
 COMMON         0x200000d0        0x1 src/ASF/sam0/drivers/extint/extint_callback.o
                0x200000d0                _current_channel
 *fill*         0x200000d1        0x3 
 COMMON         0x200000d4       0x40 src/ASF/sam0/drivers/extint/extint_sam_l_c/extint.o
                0x200000d4                _extint_dev
 COMMON         0x20000114       0x18 src/ASF/sam0/drivers/sercom/sercom_interrupt.o
                0x20000114                _sercom_instances
 COMMON         0x2000012c       0x10 src/ASF/sam0/drivers/tc/tc_interrupt.o
                0x2000012c                _tc_instances
 COMMON         0x2000013c        0x4 src/ASF/sam0/utils/stdio/read.o
                0x2000013c                ptr_get
 COMMON         0x20000140        0x8 src/ASF/sam0/utils/stdio/write.o
                0x20000140                ptr_put
                0x20000144                stdio_base
 COMMON         0x20000148       0x60 src/BMD101/BMD101.o
                0x20000148                jj
                0x2000014c                temp
                0x20000150                ll
                0x20000154                vBMD101
                0x200001a0                ii
                0x200001a4                kk
 COMMON         0x200001a8       0x38 src/main.o
                0x200001a8                ext3_uart_module
                0x200001dc                tmp_data
 COMMON         0x200001e0        0x4 c:/program files (x86)/atmel/studio/7.0/toolchain/arm/arm-gnu-toolchain/bin/../lib/gcc/arm-none-eabi/4.9.3/../../../../arm-none-eabi/lib/armv6-m\libc_nano.a(lib_a-reent.o)
                0x200001e0                errno
                0x200001e4                . = ALIGN (0x4)
                0x200001e4                _ebss = .
                0x200001e4                _ezero = .

.stack          0x200001e4     0x2004 load address 0x00002bc0
                0x200001e8                . = ALIGN (0x8)
 *fill*         0x200001e4        0x4 
                0x200001e8                _sstack = .
                0x200021e8                . = (. + STACK_SIZE)
 *fill*         0x200001e8     0x2000 
                0x200021e8                . = ALIGN (0x8)
                0x200021e8                _estack = .
                0x200021e8                . = ALIGN (0x4)
                0x200021e8                _end = .
OUTPUT(AtmelBMD101.elf elf32-littlearm)

.ARM.attributes
                0x00000000       0x28
 .ARM.attributes
                0x00000000       0x1e c:/program files (x86)/atmel/studio/7.0/toolchain/arm/arm-gnu-toolchain/bin/../lib/gcc/arm-none-eabi/4.9.3/armv6-m/crti.o
 .ARM.attributes
                0x0000001e       0x2c c:/program files (x86)/atmel/studio/7.0/toolchain/arm/arm-gnu-toolchain/bin/../lib/gcc/arm-none-eabi/4.9.3/armv6-m/crtbegin.o
 .ARM.attributes
                0x0000004a       0x32 src/ASF/common/utils/interrupt/interrupt_sam_nvic.o
 .ARM.attributes
                0x0000007c       0x32 src/ASF/sam0/boards/saml22_xplained_pro/board_init.o
 .ARM.attributes
                0x000000ae       0x32 src/ASF/sam0/drivers/extint/extint_callback.o
 .ARM.attributes
                0x000000e0       0x32 src/ASF/sam0/drivers/extint/extint_sam_l_c/extint.o
 .ARM.attributes
                0x00000112       0x32 src/ASF/sam0/drivers/port/port.o
 .ARM.attributes
                0x00000144       0x32 src/ASF/sam0/drivers/sercom/sercom.o
 .ARM.attributes
                0x00000176       0x32 src/ASF/sam0/drivers/sercom/sercom_interrupt.o
 .ARM.attributes
                0x000001a8       0x32 src/ASF/sam0/drivers/sercom/usart/usart.o
 .ARM.attributes
                0x000001da       0x32 src/ASF/sam0/drivers/sercom/usart/usart_interrupt.o
 .ARM.attributes
                0x0000020c       0x32 src/ASF/sam0/drivers/system/clock/clock_saml22/clock.o
 .ARM.attributes
                0x0000023e       0x32 src/ASF/sam0/drivers/system/clock/clock_saml22/gclk.o
 .ARM.attributes
                0x00000270       0x32 src/ASF/sam0/drivers/system/pinmux/pinmux.o
 .ARM.attributes
                0x000002a2       0x32 src/ASF/sam0/drivers/system/system.o
 .ARM.attributes
                0x000002d4       0x32 src/ASF/sam0/drivers/tc/tc_interrupt.o
 .ARM.attributes
                0x00000306       0x32 src/ASF/sam0/utils/cmsis/saml22/source/gcc/startup_saml22.o
 .ARM.attributes
                0x00000338       0x32 src/ASF/sam0/utils/stdio/read.o
 .ARM.attributes
                0x0000036a       0x32 src/ASF/sam0/utils/stdio/write.o
 .ARM.attributes
                0x0000039c       0x32 src/ASF/sam0/utils/syscalls/gcc/syscalls.o
 .ARM.attributes
                0x000003ce       0x32 src/BMD101/BMD101.o
 .ARM.attributes
                0x00000400       0x32 src/main.o
 .ARM.attributes
                0x00000432       0x1e c:/program files (x86)/atmel/studio/7.0/toolchain/arm/arm-gnu-toolchain/bin/../lib/gcc/arm-none-eabi/4.9.3/armv6-m\libgcc.a(_udivsi3.o)
 .ARM.attributes
                0x00000450       0x1e c:/program files (x86)/atmel/studio/7.0/toolchain/arm/arm-gnu-toolchain/bin/../lib/gcc/arm-none-eabi/4.9.3/armv6-m\libgcc.a(_dvmd_tls.o)
 .ARM.attributes
                0x0000046e       0x2c c:/program files (x86)/atmel/studio/7.0/toolchain/arm/arm-gnu-toolchain/bin/../lib/gcc/arm-none-eabi/4.9.3/armv6-m\libgcc.a(_muldi3.o)
 .ARM.attributes
                0x0000049a       0x2c c:/program files (x86)/atmel/studio/7.0/toolchain/arm/arm-gnu-toolchain/bin/../lib/gcc/arm-none-eabi/4.9.3/../../../../arm-none-eabi/lib/armv6-m\libc_nano.a(lib_a-impure.o)
 .ARM.attributes
                0x000004c6       0x2c c:/program files (x86)/atmel/studio/7.0/toolchain/arm/arm-gnu-toolchain/bin/../lib/gcc/arm-none-eabi/4.9.3/../../../../arm-none-eabi/lib/armv6-m\libc_nano.a(lib_a-init.o)
 .ARM.attributes
                0x000004f2       0x2c c:/program files (x86)/atmel/studio/7.0/toolchain/arm/arm-gnu-toolchain/bin/../lib/gcc/arm-none-eabi/4.9.3/../../../../arm-none-eabi/lib/armv6-m\libc_nano.a(lib_a-memcpy.o)
 .ARM.attributes
                0x0000051e       0x2c c:/program files (x86)/atmel/studio/7.0/toolchain/arm/arm-gnu-toolchain/bin/../lib/gcc/arm-none-eabi/4.9.3/../../../../arm-none-eabi/lib/armv6-m\libc_nano.a(lib_a-memset.o)
 .ARM.attributes
                0x0000054a       0x2c c:/program files (x86)/atmel/studio/7.0/toolchain/arm/arm-gnu-toolchain/bin/../lib/gcc/arm-none-eabi/4.9.3/../../../../arm-none-eabi/lib/armv6-m\libc_nano.a(lib_a-printf.o)
 .ARM.attributes
                0x00000576       0x2c c:/program files (x86)/atmel/studio/7.0/toolchain/arm/arm-gnu-toolchain/bin/../lib/gcc/arm-none-eabi/4.9.3/../../../../arm-none-eabi/lib/armv6-m\libc_nano.a(lib_a-setbuf.o)
 .ARM.attributes
                0x000005a2       0x2c c:/program files (x86)/atmel/studio/7.0/toolchain/arm/arm-gnu-toolchain/bin/../lib/gcc/arm-none-eabi/4.9.3/../../../../arm-none-eabi/lib/armv6-m\libc_nano.a(lib_a-setvbuf.o)
 .ARM.attributes
                0x000005ce       0x2c c:/program files (x86)/atmel/studio/7.0/toolchain/arm/arm-gnu-toolchain/bin/../lib/gcc/arm-none-eabi/4.9.3/../../../../arm-none-eabi/lib/armv6-m\libc_nano.a(lib_a-fflush.o)
 .ARM.attributes
                0x000005fa       0x2c c:/program files (x86)/atmel/studio/7.0/toolchain/arm/arm-gnu-toolchain/bin/../lib/gcc/arm-none-eabi/4.9.3/../../../../arm-none-eabi/lib/armv6-m\libc_nano.a(lib_a-findfp.o)
 .ARM.attributes
                0x00000626       0x2c c:/program files (x86)/atmel/studio/7.0/toolchain/arm/arm-gnu-toolchain/bin/../lib/gcc/arm-none-eabi/4.9.3/../../../../arm-none-eabi/lib/armv6-m\libc_nano.a(lib_a-fwalk.o)
 .ARM.attributes
                0x00000652       0x2c c:/program files (x86)/atmel/studio/7.0/toolchain/arm/arm-gnu-toolchain/bin/../lib/gcc/arm-none-eabi/4.9.3/../../../../arm-none-eabi/lib/armv6-m\libc_nano.a(lib_a-malloc.o)
 .ARM.attributes
                0x0000067e       0x2c c:/program files (x86)/atmel/studio/7.0/toolchain/arm/arm-gnu-toolchain/bin/../lib/gcc/arm-none-eabi/4.9.3/../../../../arm-none-eabi/lib/armv6-m\libc_nano.a(lib_a-nano-freer.o)
 .ARM.attributes
                0x000006aa       0x2c c:/program files (x86)/atmel/studio/7.0/toolchain/arm/arm-gnu-toolchain/bin/../lib/gcc/arm-none-eabi/4.9.3/../../../../arm-none-eabi/lib/armv6-m\libc_nano.a(lib_a-nano-mallocr.o)
 .ARM.attributes
                0x000006d6       0x2c c:/program files (x86)/atmel/studio/7.0/toolchain/arm/arm-gnu-toolchain/bin/../lib/gcc/arm-none-eabi/4.9.3/../../../../arm-none-eabi/lib/armv6-m\libc_nano.a(lib_a-nano-vfprintf.o)
 .ARM.attributes
                0x00000702       0x2c c:/program files (x86)/atmel/studio/7.0/toolchain/arm/arm-gnu-toolchain/bin/../lib/gcc/arm-none-eabi/4.9.3/../../../../arm-none-eabi/lib/armv6-m\libc_nano.a(lib_a-nano-vfprintf_i.o)
 .ARM.attributes
                0x0000072e       0x2c c:/program files (x86)/atmel/studio/7.0/toolchain/arm/arm-gnu-toolchain/bin/../lib/gcc/arm-none-eabi/4.9.3/../../../../arm-none-eabi/lib/armv6-m\libc_nano.a(lib_a-sbrkr.o)
 .ARM.attributes
                0x0000075a       0x2c c:/program files (x86)/atmel/studio/7.0/toolchain/arm/arm-gnu-toolchain/bin/../lib/gcc/arm-none-eabi/4.9.3/../../../../arm-none-eabi/lib/armv6-m\libc_nano.a(lib_a-stdio.o)
 .ARM.attributes
                0x00000786       0x2c c:/program files (x86)/atmel/studio/7.0/toolchain/arm/arm-gnu-toolchain/bin/../lib/gcc/arm-none-eabi/4.9.3/../../../../arm-none-eabi/lib/armv6-m\libc_nano.a(lib_a-wbuf.o)
 .ARM.attributes
                0x000007b2       0x2c c:/program files (x86)/atmel/studio/7.0/toolchain/arm/arm-gnu-toolchain/bin/../lib/gcc/arm-none-eabi/4.9.3/../../../../arm-none-eabi/lib/armv6-m\libc_nano.a(lib_a-writer.o)
 .ARM.attributes
                0x000007de       0x2c c:/program files (x86)/atmel/studio/7.0/toolchain/arm/arm-gnu-toolchain/bin/../lib/gcc/arm-none-eabi/4.9.3/../../../../arm-none-eabi/lib/armv6-m\libc_nano.a(lib_a-wsetup.o)
 .ARM.attributes
                0x0000080a       0x2c c:/program files (x86)/atmel/studio/7.0/toolchain/arm/arm-gnu-toolchain/bin/../lib/gcc/arm-none-eabi/4.9.3/../../../../arm-none-eabi/lib/armv6-m\libc_nano.a(lib_a-closer.o)
 .ARM.attributes
                0x00000836       0x2c c:/program files (x86)/atmel/studio/7.0/toolchain/arm/arm-gnu-toolchain/bin/../lib/gcc/arm-none-eabi/4.9.3/../../../../arm-none-eabi/lib/armv6-m\libc_nano.a(lib_a-lseekr.o)
 .ARM.attributes
                0x00000862       0x2c c:/program files (x86)/atmel/studio/7.0/toolchain/arm/arm-gnu-toolchain/bin/../lib/gcc/arm-none-eabi/4.9.3/../../../../arm-none-eabi/lib/armv6-m\libc_nano.a(lib_a-makebuf.o)
 .ARM.attributes
                0x0000088e       0x2c c:/program files (x86)/atmel/studio/7.0/toolchain/arm/arm-gnu-toolchain/bin/../lib/gcc/arm-none-eabi/4.9.3/../../../../arm-none-eabi/lib/armv6-m\libc_nano.a(lib_a-memchr.o)
 .ARM.attributes
                0x000008ba       0x2c c:/program files (x86)/atmel/studio/7.0/toolchain/arm/arm-gnu-toolchain/bin/../lib/gcc/arm-none-eabi/4.9.3/../../../../arm-none-eabi/lib/armv6-m\libc_nano.a(lib_a-readr.o)
 .ARM.attributes
                0x000008e6       0x2c c:/program files (x86)/atmel/studio/7.0/toolchain/arm/arm-gnu-toolchain/bin/../lib/gcc/arm-none-eabi/4.9.3/../../../../arm-none-eabi/lib/armv6-m\libc_nano.a(lib_a-reent.o)
 .ARM.attributes
                0x00000912       0x2c c:/program files (x86)/atmel/studio/7.0/toolchain/arm/arm-gnu-toolchain/bin/../lib/gcc/arm-none-eabi/4.9.3/../../../../arm-none-eabi/lib/armv6-m\libc_nano.a(lib_a-fstatr.o)
 .ARM.attributes
                0x0000093e       0x2c c:/program files (x86)/atmel/studio/7.0/toolchain/arm/arm-gnu-toolchain/bin/../lib/gcc/arm-none-eabi/4.9.3/../../../../arm-none-eabi/lib/armv6-m\libc_nano.a(lib_a-isattyr.o)
 .ARM.attributes
                0x0000096a       0x1e c:/program files (x86)/atmel/studio/7.0/toolchain/arm/arm-gnu-toolchain/bin/../lib/gcc/arm-none-eabi/4.9.3/armv6-m/crtn.o

.comment        0x00000000       0x5b
 .comment       0x00000000       0x5b src/ASF/common/utils/interrupt/interrupt_sam_nvic.o
                                 0x5c (size before relaxing)
 .comment       0x00000000       0x5c src/ASF/sam0/boards/saml22_xplained_pro/board_init.o
 .comment       0x00000000       0x5c src/ASF/sam0/drivers/extint/extint_callback.o
 .comment       0x00000000       0x5c src/ASF/sam0/drivers/extint/extint_sam_l_c/extint.o
 .comment       0x00000000       0x5c src/ASF/sam0/drivers/port/port.o
 .comment       0x00000000       0x5c src/ASF/sam0/drivers/sercom/sercom.o
 .comment       0x00000000       0x5c src/ASF/sam0/drivers/sercom/sercom_interrupt.o
 .comment       0x00000000       0x5c src/ASF/sam0/drivers/sercom/usart/usart.o
 .comment       0x00000000       0x5c src/ASF/sam0/drivers/sercom/usart/usart_interrupt.o
 .comment       0x00000000       0x5c src/ASF/sam0/drivers/system/clock/clock_saml22/clock.o
 .comment       0x00000000       0x5c src/ASF/sam0/drivers/system/clock/clock_saml22/gclk.o
 .comment       0x00000000       0x5c src/ASF/sam0/drivers/system/pinmux/pinmux.o
 .comment       0x00000000       0x5c src/ASF/sam0/drivers/system/system.o
 .comment       0x00000000       0x5c src/ASF/sam0/drivers/tc/tc_interrupt.o
 .comment       0x00000000       0x5c src/ASF/sam0/utils/cmsis/saml22/source/gcc/startup_saml22.o
 .comment       0x00000000       0x5c src/ASF/sam0/utils/stdio/read.o
 .comment       0x00000000       0x5c src/ASF/sam0/utils/stdio/write.o
 .comment       0x00000000       0x5c src/ASF/sam0/utils/syscalls/gcc/syscalls.o
 .comment       0x00000000       0x5c src/BMD101/BMD101.o
 .comment       0x00000000       0x5c src/main.o

.debug_info     0x00000000    0x1d638
 .debug_info    0x00000000      0x1ec src/ASF/common/utils/interrupt/interrupt_sam_nvic.o
 .debug_info    0x000001ec      0x90d src/ASF/sam0/boards/saml22_xplained_pro/board_init.o
 .debug_info    0x00000af9      0xaff src/ASF/sam0/drivers/extint/extint_callback.o
 .debug_info    0x000015f8     0x1a19 src/ASF/sam0/drivers/extint/extint_sam_l_c/extint.o
 .debug_info    0x00003011      0x904 src/ASF/sam0/drivers/port/port.o
 .debug_info    0x00003915     0x2625 src/ASF/sam0/drivers/sercom/sercom.o
 .debug_info    0x00005f3a     0x2421 src/ASF/sam0/drivers/sercom/sercom_interrupt.o
 .debug_info    0x0000835b     0x42e8 src/ASF/sam0/drivers/sercom/usart/usart.o
 .debug_info    0x0000c643     0x2864 src/ASF/sam0/drivers/sercom/usart/usart_interrupt.o
 .debug_info    0x0000eea7     0x3821 src/ASF/sam0/drivers/system/clock/clock_saml22/clock.o
 .debug_info    0x000126c8     0x128a src/ASF/sam0/drivers/system/clock/clock_saml22/gclk.o
 .debug_info    0x00013952      0x9e3 src/ASF/sam0/drivers/system/pinmux/pinmux.o
 .debug_info    0x00014335      0x17a src/ASF/sam0/drivers/system/system.o
 .debug_info    0x000144af     0x15e6 src/ASF/sam0/drivers/tc/tc_interrupt.o
 .debug_info    0x00015a95      0x48a src/ASF/sam0/utils/cmsis/saml22/source/gcc/startup_saml22.o
 .debug_info    0x00015f1f      0x1c2 src/ASF/sam0/utils/stdio/read.o
 .debug_info    0x000160e1      0x1bf src/ASF/sam0/utils/stdio/write.o
 .debug_info    0x000162a0      0x427 src/ASF/sam0/utils/syscalls/gcc/syscalls.o
 .debug_info    0x000166c7     0x3081 src/BMD101/BMD101.o
 .debug_info    0x00019748     0x3ef0 src/main.o

.debug_abbrev   0x00000000     0x2f10
 .debug_abbrev  0x00000000       0xf6 src/ASF/common/utils/interrupt/interrupt_sam_nvic.o
 .debug_abbrev  0x000000f6      0x216 src/ASF/sam0/boards/saml22_xplained_pro/board_init.o
 .debug_abbrev  0x0000030c      0x28a src/ASF/sam0/drivers/extint/extint_callback.o
 .debug_abbrev  0x00000596      0x3d6 src/ASF/sam0/drivers/extint/extint_sam_l_c/extint.o
 .debug_abbrev  0x0000096c      0x1c5 src/ASF/sam0/drivers/port/port.o
 .debug_abbrev  0x00000b31      0x2fd src/ASF/sam0/drivers/sercom/sercom.o
 .debug_abbrev  0x00000e2e      0x22c src/ASF/sam0/drivers/sercom/sercom_interrupt.o
 .debug_abbrev  0x0000105a      0x3c6 src/ASF/sam0/drivers/sercom/usart/usart.o
 .debug_abbrev  0x00001420      0x37b src/ASF/sam0/drivers/sercom/usart/usart_interrupt.o
 .debug_abbrev  0x0000179b      0x382 src/ASF/sam0/drivers/system/clock/clock_saml22/clock.o
 .debug_abbrev  0x00001b1d      0x32b src/ASF/sam0/drivers/system/clock/clock_saml22/gclk.o
 .debug_abbrev  0x00001e48      0x272 src/ASF/sam0/drivers/system/pinmux/pinmux.o
 .debug_abbrev  0x000020ba       0xb9 src/ASF/sam0/drivers/system/system.o
 .debug_abbrev  0x00002173      0x259 src/ASF/sam0/drivers/tc/tc_interrupt.o
 .debug_abbrev  0x000023cc      0x12c src/ASF/sam0/utils/cmsis/saml22/source/gcc/startup_saml22.o
 .debug_abbrev  0x000024f8      0x108 src/ASF/sam0/utils/stdio/read.o
 .debug_abbrev  0x00002600       0xf5 src/ASF/sam0/utils/stdio/write.o
 .debug_abbrev  0x000026f5      0x141 src/ASF/sam0/utils/syscalls/gcc/syscalls.o
 .debug_abbrev  0x00002836      0x2d1 src/BMD101/BMD101.o
 .debug_abbrev  0x00002b07      0x409 src/main.o

.debug_loc      0x00000000     0x42e4
 .debug_loc     0x00000000       0x1e src/ASF/common/utils/interrupt/interrupt_sam_nvic.o
 .debug_loc     0x0000001e       0x59 src/ASF/sam0/boards/saml22_xplained_pro/board_init.o
 .debug_loc     0x00000077      0x215 src/ASF/sam0/drivers/extint/extint_callback.o
 .debug_loc     0x0000028c      0x4ae src/ASF/sam0/drivers/extint/extint_sam_l_c/extint.o
 .debug_loc     0x0000073a      0x16d src/ASF/sam0/drivers/port/port.o
 .debug_loc     0x000008a7      0x982 src/ASF/sam0/drivers/sercom/sercom.o
 .debug_loc     0x00001229      0x16c src/ASF/sam0/drivers/sercom/sercom_interrupt.o
 .debug_loc     0x00001395      0xcb3 src/ASF/sam0/drivers/sercom/usart/usart.o
 .debug_loc     0x00002048      0x569 src/ASF/sam0/drivers/sercom/usart/usart_interrupt.o
 .debug_loc     0x000025b1      0xc7c src/ASF/sam0/drivers/system/clock/clock_saml22/clock.o
 .debug_loc     0x0000322d      0x54a src/ASF/sam0/drivers/system/clock/clock_saml22/gclk.o
 .debug_loc     0x00003777      0x32f src/ASF/sam0/drivers/system/pinmux/pinmux.o
 .debug_loc     0x00003aa6       0x20 src/ASF/sam0/drivers/system/system.o
 .debug_loc     0x00003ac6      0x19d src/ASF/sam0/drivers/tc/tc_interrupt.o
 .debug_loc     0x00003c63       0x20 src/ASF/sam0/utils/cmsis/saml22/source/gcc/startup_saml22.o
 .debug_loc     0x00003c83      0x11d src/ASF/sam0/utils/stdio/read.o
 .debug_loc     0x00003da0      0x152 src/ASF/sam0/utils/stdio/write.o
 .debug_loc     0x00003ef2      0x11d src/ASF/sam0/utils/syscalls/gcc/syscalls.o
 .debug_loc     0x0000400f       0xd2 src/BMD101/BMD101.o
 .debug_loc     0x000040e1      0x203 src/main.o

.debug_aranges  0x00000000      0x538
 .debug_aranges
                0x00000000       0x28 src/ASF/common/utils/interrupt/interrupt_sam_nvic.o
 .debug_aranges
                0x00000028       0x20 src/ASF/sam0/boards/saml22_xplained_pro/board_init.o
 .debug_aranges
                0x00000048       0x48 src/ASF/sam0/drivers/extint/extint_callback.o
 .debug_aranges
                0x00000090       0x58 src/ASF/sam0/drivers/extint/extint_sam_l_c/extint.o
 .debug_aranges
                0x000000e8       0x28 src/ASF/sam0/drivers/port/port.o
 .debug_aranges
                0x00000110       0x40 src/ASF/sam0/drivers/sercom/sercom.o
 .debug_aranges
                0x00000150       0x60 src/ASF/sam0/drivers/sercom/sercom_interrupt.o
 .debug_aranges
                0x000001b0       0x40 src/ASF/sam0/drivers/sercom/usart/usart.o
 .debug_aranges
                0x000001f0       0x70 src/ASF/sam0/drivers/sercom/usart/usart_interrupt.o
 .debug_aranges
                0x00000260       0x90 src/ASF/sam0/drivers/system/clock/clock_saml22/clock.o
 .debug_aranges
                0x000002f0       0x80 src/ASF/sam0/drivers/system/clock/clock_saml22/gclk.o
 .debug_aranges
                0x00000370       0x38 src/ASF/sam0/drivers/system/pinmux/pinmux.o
 .debug_aranges
                0x000003a8       0x28 src/ASF/sam0/drivers/system/system.o
 .debug_aranges
                0x000003d0       0x50 src/ASF/sam0/drivers/tc/tc_interrupt.o
 .debug_aranges
                0x00000420       0x28 src/ASF/sam0/utils/cmsis/saml22/source/gcc/startup_saml22.o
 .debug_aranges
                0x00000448       0x20 src/ASF/sam0/utils/stdio/read.o
 .debug_aranges
                0x00000468       0x20 src/ASF/sam0/utils/stdio/write.o
 .debug_aranges
                0x00000488       0x60 src/ASF/sam0/utils/syscalls/gcc/syscalls.o
 .debug_aranges
                0x000004e8       0x20 src/BMD101/BMD101.o
 .debug_aranges
                0x00000508       0x30 src/main.o

.debug_ranges   0x00000000      0x518
 .debug_ranges  0x00000000       0x18 src/ASF/common/utils/interrupt/interrupt_sam_nvic.o
 .debug_ranges  0x00000018       0x10 src/ASF/sam0/boards/saml22_xplained_pro/board_init.o
 .debug_ranges  0x00000028       0x60 src/ASF/sam0/drivers/extint/extint_callback.o
 .debug_ranges  0x00000088       0x60 src/ASF/sam0/drivers/extint/extint_sam_l_c/extint.o
 .debug_ranges  0x000000e8       0x18 src/ASF/sam0/drivers/port/port.o
 .debug_ranges  0x00000100       0x48 src/ASF/sam0/drivers/sercom/sercom.o
 .debug_ranges  0x00000148       0x50 src/ASF/sam0/drivers/sercom/sercom_interrupt.o
 .debug_ranges  0x00000198       0xf8 src/ASF/sam0/drivers/sercom/usart/usart.o
 .debug_ranges  0x00000290       0x60 src/ASF/sam0/drivers/sercom/usart/usart_interrupt.o
 .debug_ranges  0x000002f0       0x80 src/ASF/sam0/drivers/system/clock/clock_saml22/clock.o
 .debug_ranges  0x00000370       0x70 src/ASF/sam0/drivers/system/clock/clock_saml22/gclk.o
 .debug_ranges  0x000003e0       0x28 src/ASF/sam0/drivers/system/pinmux/pinmux.o
 .debug_ranges  0x00000408       0x18 src/ASF/sam0/drivers/system/system.o
 .debug_ranges  0x00000420       0x40 src/ASF/sam0/drivers/tc/tc_interrupt.o
 .debug_ranges  0x00000460       0x18 src/ASF/sam0/utils/cmsis/saml22/source/gcc/startup_saml22.o
 .debug_ranges  0x00000478       0x10 src/ASF/sam0/utils/stdio/read.o
 .debug_ranges  0x00000488       0x10 src/ASF/sam0/utils/stdio/write.o
 .debug_ranges  0x00000498       0x50 src/ASF/sam0/utils/syscalls/gcc/syscalls.o
 .debug_ranges  0x000004e8       0x10 src/BMD101/BMD101.o
 .debug_ranges  0x000004f8       0x20 src/main.o

.debug_macro    0x00000000     0x7858
 .debug_macro   0x00000000      0x4f0 src/ASF/common/utils/interrupt/interrupt_sam_nvic.o
 .debug_macro   0x000004f0      0x52b src/ASF/sam0/boards/saml22_xplained_pro/board_init.o
 .debug_macro   0x00000a1b      0x28e src/ASF/sam0/boards/saml22_xplained_pro/board_init.o
 .debug_macro   0x00000ca9       0x10 src/ASF/sam0/boards/saml22_xplained_pro/board_init.o
 .debug_macro   0x00000cb9      0x7d5 src/ASF/sam0/boards/saml22_xplained_pro/board_init.o
 .debug_macro   0x0000148e       0x11 src/ASF/sam0/boards/saml22_xplained_pro/board_init.o
 .debug_macro   0x0000149f       0x20 src/ASF/sam0/boards/saml22_xplained_pro/board_init.o
 .debug_macro   0x000014bf      0x515 src/ASF/sam0/drivers/extint/extint_callback.o
 .debug_macro   0x000019d4       0x12 src/ASF/sam0/drivers/extint/extint_callback.o
 .debug_macro   0x000019e6      0x571 src/ASF/sam0/drivers/extint/extint_sam_l_c/extint.o
 .debug_macro   0x00001f57       0x2e src/ASF/sam0/drivers/extint/extint_sam_l_c/extint.o
 .debug_macro   0x00001f85       0x18 src/ASF/sam0/drivers/extint/extint_sam_l_c/extint.o
 .debug_macro   0x00001f9d       0x16 src/ASF/sam0/drivers/extint/extint_sam_l_c/extint.o
 .debug_macro   0x00001fb3      0x50a src/ASF/sam0/drivers/port/port.o
 .debug_macro   0x000024bd      0x57f src/ASF/sam0/drivers/sercom/sercom.o
 .debug_macro   0x00002a3c       0xb2 src/ASF/sam0/drivers/sercom/sercom.o
 .debug_macro   0x00002aee       0x10 src/ASF/sam0/drivers/sercom/sercom.o
 .debug_macro   0x00002afe      0x57c src/ASF/sam0/drivers/sercom/sercom_interrupt.o
 .debug_macro   0x0000307a      0x590 src/ASF/sam0/drivers/sercom/usart/usart.o
 .debug_macro   0x0000360a       0x5f src/ASF/sam0/drivers/sercom/usart/usart.o
 .debug_macro   0x00003669      0x590 src/ASF/sam0/drivers/sercom/usart/usart_interrupt.o
 .debug_macro   0x00003bf9      0x557 src/ASF/sam0/drivers/system/clock/clock_saml22/clock.o
 .debug_macro   0x00004150      0x211 src/ASF/sam0/drivers/system/clock/clock_saml22/clock.o
 .debug_macro   0x00004361      0x527 src/ASF/sam0/drivers/system/clock/clock_saml22/gclk.o
 .debug_macro   0x00004888      0x502 src/ASF/sam0/drivers/system/pinmux/pinmux.o
 .debug_macro   0x00004d8a      0x535 src/ASF/sam0/drivers/system/system.o
 .debug_macro   0x000052bf      0x55f src/ASF/sam0/drivers/tc/tc_interrupt.o
 .debug_macro   0x0000581e       0x3c src/ASF/sam0/drivers/tc/tc_interrupt.o
 .debug_macro   0x0000585a       0x66 src/ASF/sam0/drivers/tc/tc_interrupt.o
 .debug_macro   0x000058c0      0x344 src/ASF/sam0/utils/cmsis/saml22/source/gcc/startup_saml22.o
 .debug_macro   0x00005c04       0x3a src/ASF/sam0/utils/cmsis/saml22/source/gcc/startup_saml22.o
 .debug_macro   0x00005c3e      0x4f0 src/ASF/sam0/utils/stdio/read.o
 .debug_macro   0x0000612e      0x4f0 src/ASF/sam0/utils/stdio/write.o
 .debug_macro   0x0000661e      0x169 src/ASF/sam0/utils/syscalls/gcc/syscalls.o
 .debug_macro   0x00006787       0x4a src/ASF/sam0/utils/syscalls/gcc/syscalls.o
 .debug_macro   0x000067d1       0x97 src/ASF/sam0/utils/syscalls/gcc/syscalls.o
 .debug_macro   0x00006868       0xef src/ASF/sam0/utils/syscalls/gcc/syscalls.o
 .debug_macro   0x00006957       0x52 src/ASF/sam0/utils/syscalls/gcc/syscalls.o
 .debug_macro   0x000069a9       0x16 src/ASF/sam0/utils/syscalls/gcc/syscalls.o
 .debug_macro   0x000069bf       0x10 src/ASF/sam0/utils/syscalls/gcc/syscalls.o
 .debug_macro   0x000069cf       0x10 src/ASF/sam0/utils/syscalls/gcc/syscalls.o
 .debug_macro   0x000069df       0x10 src/ASF/sam0/utils/syscalls/gcc/syscalls.o
 .debug_macro   0x000069ef       0x35 src/ASF/sam0/utils/syscalls/gcc/syscalls.o
 .debug_macro   0x00006a24      0x122 src/ASF/sam0/utils/syscalls/gcc/syscalls.o
 .debug_macro   0x00006b46      0x65e src/BMD101/BMD101.o
 .debug_macro   0x000071a4       0x34 src/BMD101/BMD101.o
 .debug_macro   0x000071d8       0x28 src/BMD101/BMD101.o
 .debug_macro   0x00007200      0x658 src/main.o

.debug_line     0x00000000     0xce4f
 .debug_line    0x00000000      0x8b1 src/ASF/common/utils/interrupt/interrupt_sam_nvic.o
 .debug_line    0x000008b1      0x956 src/ASF/sam0/boards/saml22_xplained_pro/board_init.o
 .debug_line    0x00001207      0x9a6 src/ASF/sam0/drivers/extint/extint_callback.o
 .debug_line    0x00001bad      0xc1c src/ASF/sam0/drivers/extint/extint_sam_l_c/extint.o
 .debug_line    0x000027c9      0x8dd src/ASF/sam0/drivers/port/port.o
 .debug_line    0x000030a6      0xb9f src/ASF/sam0/drivers/sercom/sercom.o
 .debug_line    0x00003c45      0xb47 src/ASF/sam0/drivers/sercom/sercom_interrupt.o
 .debug_line    0x0000478c      0xd10 src/ASF/sam0/drivers/sercom/usart/usart.o
 .debug_line    0x0000549c      0xc65 src/ASF/sam0/drivers/sercom/usart/usart_interrupt.o
 .debug_line    0x00006101      0xc4e src/ASF/sam0/drivers/system/clock/clock_saml22/clock.o
 .debug_line    0x00006d4f      0xbdf src/ASF/sam0/drivers/system/clock/clock_saml22/gclk.o
 .debug_line    0x0000792e      0x903 src/ASF/sam0/drivers/system/pinmux/pinmux.o
 .debug_line    0x00008231      0x9c1 src/ASF/sam0/drivers/system/system.o
 .debug_line    0x00008bf2      0xa63 src/ASF/sam0/drivers/tc/tc_interrupt.o
 .debug_line    0x00009655      0x6a5 src/ASF/sam0/utils/cmsis/saml22/source/gcc/startup_saml22.o
 .debug_line    0x00009cfa      0x893 src/ASF/sam0/utils/stdio/read.o
 .debug_line    0x0000a58d      0x884 src/ASF/sam0/utils/stdio/write.o
 .debug_line    0x0000ae11      0x398 src/ASF/sam0/utils/syscalls/gcc/syscalls.o
 .debug_line    0x0000b1a9      0xe55 src/BMD101/BMD101.o
 .debug_line    0x0000bffe      0xe51 src/main.o

.debug_str      0x00000000    0x9e7fa
 .debug_str     0x00000000    0x933bf src/ASF/common/utils/interrupt/interrupt_sam_nvic.o
                              0x93780 (size before relaxing)
 .debug_str     0x000933bf     0x31e3 src/ASF/sam0/boards/saml22_xplained_pro/board_init.o
                              0x96906 (size before relaxing)
 .debug_str     0x000965a2      0x627 src/ASF/sam0/drivers/extint/extint_callback.o
                              0x93dc7 (size before relaxing)
 .debug_str     0x00096bc9      0xf84 src/ASF/sam0/drivers/extint/extint_sam_l_c/extint.o
                              0x94ca3 (size before relaxing)
 .debug_str     0x00097b4d       0x53 src/ASF/sam0/drivers/port/port.o
                              0x93bd7 (size before relaxing)
 .debug_str     0x00097ba0      0xf2d src/ASF/sam0/drivers/sercom/sercom.o
                              0x94e37 (size before relaxing)
 .debug_str     0x00098acd      0x1c7 src/ASF/sam0/drivers/sercom/sercom_interrupt.o
                              0x94cf0 (size before relaxing)
 .debug_str     0x00098c94      0xfe4 src/ASF/sam0/drivers/sercom/usart/usart.o
                              0x95e4e (size before relaxing)
 .debug_str     0x00099c78      0x1da src/ASF/sam0/drivers/sercom/usart/usart_interrupt.o
                              0x94e80 (size before relaxing)
 .debug_str     0x00099e52     0x28ee src/ASF/sam0/drivers/system/clock/clock_saml22/clock.o
                              0x968a9 (size before relaxing)
 .debug_str     0x0009c740      0x236 src/ASF/sam0/drivers/system/clock/clock_saml22/gclk.o
                              0x9428b (size before relaxing)
 .debug_str     0x0009c976      0x130 src/ASF/sam0/drivers/system/pinmux/pinmux.o
                              0x93bd5 (size before relaxing)
 .debug_str     0x0009caa6       0x47 src/ASF/sam0/drivers/system/system.o
                              0x937ea (size before relaxing)
 .debug_str     0x0009caed      0x88f src/ASF/sam0/drivers/tc/tc_interrupt.o
                              0x946bf (size before relaxing)
 .debug_str     0x0009d37c      0x37f src/ASF/sam0/utils/cmsis/saml22/source/gcc/startup_saml22.o
                              0x7f61b (size before relaxing)
 .debug_str     0x0009d6fb       0x43 src/ASF/sam0/utils/stdio/read.o
                              0x9372d (size before relaxing)
 .debug_str     0x0009d73e       0x33 src/ASF/sam0/utils/stdio/write.o
                              0x9372f (size before relaxing)
 .debug_str     0x0009d771      0x845 src/ASF/sam0/utils/syscalls/gcc/syscalls.o
                               0x600d (size before relaxing)
 .debug_str     0x0009dfb6      0x79e src/BMD101/BMD101.o
                              0x98970 (size before relaxing)
 .debug_str     0x0009e754       0xa6 src/main.o
                              0x99986 (size before relaxing)

.debug_frame    0x00000000     0x1304
 .debug_frame   0x00000000       0x30 src/ASF/common/utils/interrupt/interrupt_sam_nvic.o
 .debug_frame   0x00000030       0x30 src/ASF/sam0/boards/saml22_xplained_pro/board_init.o
 .debug_frame   0x00000060       0x7c src/ASF/sam0/drivers/extint/extint_callback.o
 .debug_frame   0x000000dc       0xc8 src/ASF/sam0/drivers/extint/extint_sam_l_c/extint.o
 .debug_frame   0x000001a4       0x44 src/ASF/sam0/drivers/port/port.o
 .debug_frame   0x000001e8       0x9c src/ASF/sam0/drivers/sercom/sercom.o
 .debug_frame   0x00000284       0xec src/ASF/sam0/drivers/sercom/sercom_interrupt.o
 .debug_frame   0x00000370       0xbc src/ASF/sam0/drivers/sercom/usart/usart.o
 .debug_frame   0x0000042c      0x110 src/ASF/sam0/drivers/sercom/usart/usart_interrupt.o
 .debug_frame   0x0000053c      0x178 src/ASF/sam0/drivers/system/clock/clock_saml22/clock.o
 .debug_frame   0x000006b4      0x150 src/ASF/sam0/drivers/system/clock/clock_saml22/gclk.o
 .debug_frame   0x00000804       0x74 src/ASF/sam0/drivers/system/pinmux/pinmux.o
 .debug_frame   0x00000878       0x38 src/ASF/sam0/drivers/system/system.o
 .debug_frame   0x000008b0       0xac src/ASF/sam0/drivers/tc/tc_interrupt.o
 .debug_frame   0x0000095c       0x38 src/ASF/sam0/utils/cmsis/saml22/source/gcc/startup_saml22.o
 .debug_frame   0x00000994       0x34 src/ASF/sam0/utils/stdio/read.o
 .debug_frame   0x000009c8       0x34 src/ASF/sam0/utils/stdio/write.o
 .debug_frame   0x000009fc       0xa8 src/ASF/sam0/utils/syscalls/gcc/syscalls.o
 .debug_frame   0x00000aa4       0x30 src/BMD101/BMD101.o
 .debug_frame   0x00000ad4       0x64 src/main.o
 .debug_frame   0x00000b38       0x20 c:/program files (x86)/atmel/studio/7.0/toolchain/arm/arm-gnu-toolchain/bin/../lib/gcc/arm-none-eabi/4.9.3/armv6-m\libgcc.a(_udivsi3.o)
 .debug_frame   0x00000b58       0x34 c:/program files (x86)/atmel/studio/7.0/toolchain/arm/arm-gnu-toolchain/bin/../lib/gcc/arm-none-eabi/4.9.3/armv6-m\libgcc.a(_muldi3.o)
 .debug_frame   0x00000b8c       0x2c c:/program files (x86)/atmel/studio/7.0/toolchain/arm/arm-gnu-toolchain/bin/../lib/gcc/arm-none-eabi/4.9.3/../../../../arm-none-eabi/lib/armv6-m\libc_nano.a(lib_a-init.o)
 .debug_frame   0x00000bb8       0x28 c:/program files (x86)/atmel/studio/7.0/toolchain/arm/arm-gnu-toolchain/bin/../lib/gcc/arm-none-eabi/4.9.3/../../../../arm-none-eabi/lib/armv6-m\libc_nano.a(lib_a-memcpy.o)
 .debug_frame   0x00000be0       0x20 c:/program files (x86)/atmel/studio/7.0/toolchain/arm/arm-gnu-toolchain/bin/../lib/gcc/arm-none-eabi/4.9.3/../../../../arm-none-eabi/lib/armv6-m\libc_nano.a(lib_a-memset.o)
 .debug_frame   0x00000c00       0x50 c:/program files (x86)/atmel/studio/7.0/toolchain/arm/arm-gnu-toolchain/bin/../lib/gcc/arm-none-eabi/4.9.3/../../../../arm-none-eabi/lib/armv6-m\libc_nano.a(lib_a-printf.o)
 .debug_frame   0x00000c50       0x28 c:/program files (x86)/atmel/studio/7.0/toolchain/arm/arm-gnu-toolchain/bin/../lib/gcc/arm-none-eabi/4.9.3/../../../../arm-none-eabi/lib/armv6-m\libc_nano.a(lib_a-setbuf.o)
 .debug_frame   0x00000c78       0x34 c:/program files (x86)/atmel/studio/7.0/toolchain/arm/arm-gnu-toolchain/bin/../lib/gcc/arm-none-eabi/4.9.3/../../../../arm-none-eabi/lib/armv6-m\libc_nano.a(lib_a-setvbuf.o)
 .debug_frame   0x00000cac       0x68 c:/program files (x86)/atmel/studio/7.0/toolchain/arm/arm-gnu-toolchain/bin/../lib/gcc/arm-none-eabi/4.9.3/../../../../arm-none-eabi/lib/armv6-m\libc_nano.a(lib_a-fflush.o)
 .debug_frame   0x00000d14      0x140 c:/program files (x86)/atmel/studio/7.0/toolchain/arm/arm-gnu-toolchain/bin/../lib/gcc/arm-none-eabi/4.9.3/../../../../arm-none-eabi/lib/armv6-m\libc_nano.a(lib_a-findfp.o)
 .debug_frame   0x00000e54       0x58 c:/program files (x86)/atmel/studio/7.0/toolchain/arm/arm-gnu-toolchain/bin/../lib/gcc/arm-none-eabi/4.9.3/../../../../arm-none-eabi/lib/armv6-m\libc_nano.a(lib_a-fwalk.o)
 .debug_frame   0x00000eac       0x40 c:/program files (x86)/atmel/studio/7.0/toolchain/arm/arm-gnu-toolchain/bin/../lib/gcc/arm-none-eabi/4.9.3/../../../../arm-none-eabi/lib/armv6-m\libc_nano.a(lib_a-malloc.o)
 .debug_frame   0x00000eec       0x2c c:/program files (x86)/atmel/studio/7.0/toolchain/arm/arm-gnu-toolchain/bin/../lib/gcc/arm-none-eabi/4.9.3/../../../../arm-none-eabi/lib/armv6-m\libc_nano.a(lib_a-nano-freer.o)
 .debug_frame   0x00000f18       0x2c c:/program files (x86)/atmel/studio/7.0/toolchain/arm/arm-gnu-toolchain/bin/../lib/gcc/arm-none-eabi/4.9.3/../../../../arm-none-eabi/lib/armv6-m\libc_nano.a(lib_a-nano-mallocr.o)
 .debug_frame   0x00000f44       0xa0 c:/program files (x86)/atmel/studio/7.0/toolchain/arm/arm-gnu-toolchain/bin/../lib/gcc/arm-none-eabi/4.9.3/../../../../arm-none-eabi/lib/armv6-m\libc_nano.a(lib_a-nano-vfprintf.o)
 .debug_frame   0x00000fe4       0x54 c:/program files (x86)/atmel/studio/7.0/toolchain/arm/arm-gnu-toolchain/bin/../lib/gcc/arm-none-eabi/4.9.3/../../../../arm-none-eabi/lib/armv6-m\libc_nano.a(lib_a-nano-vfprintf_i.o)
 .debug_frame   0x00001038       0x2c c:/program files (x86)/atmel/studio/7.0/toolchain/arm/arm-gnu-toolchain/bin/../lib/gcc/arm-none-eabi/4.9.3/../../../../arm-none-eabi/lib/armv6-m\libc_nano.a(lib_a-sbrkr.o)
 .debug_frame   0x00001064       0x90 c:/program files (x86)/atmel/studio/7.0/toolchain/arm/arm-gnu-toolchain/bin/../lib/gcc/arm-none-eabi/4.9.3/../../../../arm-none-eabi/lib/armv6-m\libc_nano.a(lib_a-stdio.o)
 .debug_frame   0x000010f4       0x44 c:/program files (x86)/atmel/studio/7.0/toolchain/arm/arm-gnu-toolchain/bin/../lib/gcc/arm-none-eabi/4.9.3/../../../../arm-none-eabi/lib/armv6-m\libc_nano.a(lib_a-wbuf.o)
 .debug_frame   0x00001138       0x2c c:/program files (x86)/atmel/studio/7.0/toolchain/arm/arm-gnu-toolchain/bin/../lib/gcc/arm-none-eabi/4.9.3/../../../../arm-none-eabi/lib/armv6-m\libc_nano.a(lib_a-writer.o)
 .debug_frame   0x00001164       0x2c c:/program files (x86)/atmel/studio/7.0/toolchain/arm/arm-gnu-toolchain/bin/../lib/gcc/arm-none-eabi/4.9.3/../../../../arm-none-eabi/lib/armv6-m\libc_nano.a(lib_a-wsetup.o)
 .debug_frame   0x00001190       0x2c c:/program files (x86)/atmel/studio/7.0/toolchain/arm/arm-gnu-toolchain/bin/../lib/gcc/arm-none-eabi/4.9.3/../../../../arm-none-eabi/lib/armv6-m\libc_nano.a(lib_a-closer.o)
 .debug_frame   0x000011bc       0x2c c:/program files (x86)/atmel/studio/7.0/toolchain/arm/arm-gnu-toolchain/bin/../lib/gcc/arm-none-eabi/4.9.3/../../../../arm-none-eabi/lib/armv6-m\libc_nano.a(lib_a-lseekr.o)
 .debug_frame   0x000011e8       0x30 c:/program files (x86)/atmel/studio/7.0/toolchain/arm/arm-gnu-toolchain/bin/../lib/gcc/arm-none-eabi/4.9.3/../../../../arm-none-eabi/lib/armv6-m\libc_nano.a(lib_a-makebuf.o)
 .debug_frame   0x00001218       0x20 c:/program files (x86)/atmel/studio/7.0/toolchain/arm/arm-gnu-toolchain/bin/../lib/gcc/arm-none-eabi/4.9.3/../../../../arm-none-eabi/lib/armv6-m\libc_nano.a(lib_a-memchr.o)
 .debug_frame   0x00001238       0x2c c:/program files (x86)/atmel/studio/7.0/toolchain/arm/arm-gnu-toolchain/bin/../lib/gcc/arm-none-eabi/4.9.3/../../../../arm-none-eabi/lib/armv6-m\libc_nano.a(lib_a-readr.o)
 .debug_frame   0x00001264       0x48 c:/program files (x86)/atmel/studio/7.0/toolchain/arm/arm-gnu-toolchain/bin/../lib/gcc/arm-none-eabi/4.9.3/../../../../arm-none-eabi/lib/armv6-m\libc_nano.a(lib_a-reent.o)
 .debug_frame   0x000012ac       0x2c c:/program files (x86)/atmel/studio/7.0/toolchain/arm/arm-gnu-toolchain/bin/../lib/gcc/arm-none-eabi/4.9.3/../../../../arm-none-eabi/lib/armv6-m\libc_nano.a(lib_a-fstatr.o)
 .debug_frame   0x000012d8       0x2c c:/program files (x86)/atmel/studio/7.0/toolchain/arm/arm-gnu-toolchain/bin/../lib/gcc/arm-none-eabi/4.9.3/../../../../arm-none-eabi/lib/armv6-m\libc_nano.a(lib_a-isattyr.o)

Cross Reference Table

Symbol                                            File
AC_Handler                                        src/ASF/sam0/utils/cmsis/saml22/source/gcc/startup_saml22.o
ADC_Handler                                       src/ASF/sam0/utils/cmsis/saml22/source/gcc/startup_saml22.o
AES_Handler                                       src/ASF/sam0/utils/cmsis/saml22/source/gcc/startup_saml22.o
DMAC_Handler                                      src/ASF/sam0/utils/cmsis/saml22/source/gcc/startup_saml22.o
Dummy_Handler                                     src/ASF/sam0/utils/cmsis/saml22/source/gcc/startup_saml22.o
EIC_Handler                                       src/ASF/sam0/drivers/extint/extint_callback.o
EVSYS_Handler                                     src/ASF/sam0/utils/cmsis/saml22/source/gcc/startup_saml22.o
FREQM_Handler                                     src/ASF/sam0/utils/cmsis/saml22/source/gcc/startup_saml22.o
Get_PoorSignal_HeartRate                          src/BMD101/BMD101.o
                                                  src/main.o
HardFault_Handler                                 src/ASF/sam0/utils/cmsis/saml22/source/gcc/startup_saml22.o
NMI_Handler                                       src/ASF/sam0/utils/cmsis/saml22/source/gcc/startup_saml22.o
NVMCTRL_Handler                                   src/ASF/sam0/utils/cmsis/saml22/source/gcc/startup_saml22.o
PTC_Handler                                       src/ASF/sam0/utils/cmsis/saml22/source/gcc/startup_saml22.o
PendSV_Handler                                    src/ASF/sam0/utils/cmsis/saml22/source/gcc/startup_saml22.o
Platform_start_bus_timer                          src/ASF/thirdparty/wireless/ble_sdk/services/timer/sam0/timer_hw.o
                                                  src/ASF/thirdparty/wireless/ble_sdk/src/platform.o
Platform_stop_bus_timer                           src/ASF/thirdparty/wireless/ble_sdk/services/timer/sam0/timer_hw.o
RTC_Handler                                       src/ASF/sam0/utils/cmsis/saml22/source/gcc/startup_saml22.o
RawData                                           src/BMD101/BMD101.o
Reset_Handler                                     src/ASF/sam0/utils/cmsis/saml22/source/gcc/startup_saml22.o
SERCOM0_Handler                                   src/ASF/sam0/drivers/sercom/sercom_interrupt.o
SERCOM1_Handler                                   src/ASF/sam0/drivers/sercom/sercom_interrupt.o
SERCOM2_Handler                                   src/ASF/sam0/drivers/sercom/sercom_interrupt.o
SERCOM3_Handler                                   src/ASF/sam0/drivers/sercom/sercom_interrupt.o
SERCOM4_Handler                                   src/ASF/sam0/drivers/sercom/sercom_interrupt.o
SERCOM5_Handler                                   src/ASF/sam0/drivers/sercom/sercom_interrupt.o
SLCD_Handler                                      src/ASF/sam0/utils/cmsis/saml22/source/gcc/startup_saml22.o
SVC_Handler                                       src/ASF/sam0/utils/cmsis/saml22/source/gcc/startup_saml22.o
SYSTEM_Handler                                    src/ASF/sam0/utils/cmsis/saml22/source/gcc/startup_saml22.o
SysTick_Handler                                   src/ASF/sam0/utils/cmsis/saml22/source/gcc/startup_saml22.o
SystemCoreClock                                   src/ASF/sam0/utils/cmsis/saml22/source/system_saml22.o
SystemCoreClockUpdate                             src/ASF/sam0/utils/cmsis/saml22/source/system_saml22.o
SystemInit                                        src/ASF/sam0/utils/cmsis/saml22/source/system_saml22.o
TC0_Handler                                       src/ASF/sam0/drivers/tc/tc_interrupt.o
TC1_Handler                                       src/ASF/sam0/drivers/tc/tc_interrupt.o
TC2_Handler                                       src/ASF/sam0/drivers/tc/tc_interrupt.o
TC3_Handler                                       src/ASF/sam0/drivers/tc/tc_interrupt.o
TCC0_Handler                                      src/ASF/sam0/utils/cmsis/saml22/source/gcc/startup_saml22.o
TRNG_Handler                                      src/ASF/sam0/utils/cmsis/saml22/source/gcc/startup_saml22.o
Touch_Sensor_Flag                                 src/BMD101/BMD101.o
USB_Handler                                       src/ASF/sam0/utils/cmsis/saml22/source/gcc/startup_saml22.o
WDT_Handler                                       src/ASF/sam0/utils/cmsis/saml22/source/gcc/startup_saml22.o
_Jv_RegisterClasses                               c:/program files (x86)/atmel/studio/7.0/toolchain/arm/arm-gnu-toolchain/bin/../lib/gcc/arm-none-eabi/4.9.3/armv6-m/crtbegin.o
__aeabi_cdcmpeq                                   c:/program files (x86)/atmel/studio/7.0/toolchain/arm/arm-gnu-toolchain/bin/../lib/gcc/arm-none-eabi/4.9.3/armv6-m\libgcc.a(_arm_cmpdf2.o)
__aeabi_cdcmple                                   c:/program files (x86)/atmel/studio/7.0/toolchain/arm/arm-gnu-toolchain/bin/../lib/gcc/arm-none-eabi/4.9.3/armv6-m\libgcc.a(_arm_cmpdf2.o)
__aeabi_cdrcmple                                  c:/program files (x86)/atmel/studio/7.0/toolchain/arm/arm-gnu-toolchain/bin/../lib/gcc/arm-none-eabi/4.9.3/armv6-m\libgcc.a(_arm_cmpdf2.o)
__aeabi_d2iz                                      c:/program files (x86)/atmel/studio/7.0/toolchain/arm/arm-gnu-toolchain/bin/../lib/gcc/arm-none-eabi/4.9.3/armv6-m\libgcc.a(fixdfsi.o)
                                                  c:/program files (x86)/atmel/studio/7.0/toolchain/arm/arm-gnu-toolchain/bin/../lib/gcc/arm-none-eabi/4.9.3/armv6-m\libgcc.a(_fixunsdfsi.o)
__aeabi_d2uiz                                     c:/program files (x86)/atmel/studio/7.0/toolchain/arm/arm-gnu-toolchain/bin/../lib/gcc/arm-none-eabi/4.9.3/armv6-m\libgcc.a(_fixunsdfsi.o)
                                                  src/ASF/thirdparty/wireless/ble_sdk/src/platform.o
__aeabi_dcmpeq                                    c:/program files (x86)/atmel/studio/7.0/toolchain/arm/arm-gnu-toolchain/bin/../lib/gcc/arm-none-eabi/4.9.3/armv6-m\libgcc.a(_arm_cmpdf2.o)
__aeabi_dcmpge                                    c:/program files (x86)/atmel/studio/7.0/toolchain/arm/arm-gnu-toolchain/bin/../lib/gcc/arm-none-eabi/4.9.3/armv6-m\libgcc.a(_arm_cmpdf2.o)
                                                  c:/program files (x86)/atmel/studio/7.0/toolchain/arm/arm-gnu-toolchain/bin/../lib/gcc/arm-none-eabi/4.9.3/armv6-m\libgcc.a(_fixunsdfsi.o)
__aeabi_dcmpgt                                    c:/program files (x86)/atmel/studio/7.0/toolchain/arm/arm-gnu-toolchain/bin/../lib/gcc/arm-none-eabi/4.9.3/armv6-m\libgcc.a(_arm_cmpdf2.o)
__aeabi_dcmple                                    c:/program files (x86)/atmel/studio/7.0/toolchain/arm/arm-gnu-toolchain/bin/../lib/gcc/arm-none-eabi/4.9.3/armv6-m\libgcc.a(_arm_cmpdf2.o)
__aeabi_dcmplt                                    c:/program files (x86)/atmel/studio/7.0/toolchain/arm/arm-gnu-toolchain/bin/../lib/gcc/arm-none-eabi/4.9.3/armv6-m\libgcc.a(_arm_cmpdf2.o)
__aeabi_ddiv                                      c:/program files (x86)/atmel/studio/7.0/toolchain/arm/arm-gnu-toolchain/bin/../lib/gcc/arm-none-eabi/4.9.3/armv6-m\libgcc.a(divdf3.o)
                                                  src/ASF/thirdparty/wireless/ble_sdk/src/platform.o
__aeabi_dmul                                      c:/program files (x86)/atmel/studio/7.0/toolchain/arm/arm-gnu-toolchain/bin/../lib/gcc/arm-none-eabi/4.9.3/armv6-m\libgcc.a(muldf3.o)
                                                  src/ASF/thirdparty/wireless/ble_sdk/src/platform.o
__aeabi_dsub                                      c:/program files (x86)/atmel/studio/7.0/toolchain/arm/arm-gnu-toolchain/bin/../lib/gcc/arm-none-eabi/4.9.3/armv6-m\libgcc.a(subdf3.o)
                                                  c:/program files (x86)/atmel/studio/7.0/toolchain/arm/arm-gnu-toolchain/bin/../lib/gcc/arm-none-eabi/4.9.3/armv6-m\libgcc.a(_fixunsdfsi.o)
__aeabi_idiv                                      c:/program files (x86)/atmel/studio/7.0/toolchain/arm/arm-gnu-toolchain/bin/../lib/gcc/arm-none-eabi/4.9.3/armv6-m\libgcc.a(_divsi3.o)
                                                  c:/program files (x86)/atmel/studio/7.0/toolchain/arm/arm-gnu-toolchain/bin/../lib/gcc/arm-none-eabi/4.9.3/../../../../arm-none-eabi/lib/armv6-m\libc_nano.a(lib_a-fvwrite.o)
__aeabi_idiv0                                     c:/program files (x86)/atmel/studio/7.0/toolchain/arm/arm-gnu-toolchain/bin/../lib/gcc/arm-none-eabi/4.9.3/armv6-m\libgcc.a(_dvmd_tls.o)
                                                  c:/program files (x86)/atmel/studio/7.0/toolchain/arm/arm-gnu-toolchain/bin/../lib/gcc/arm-none-eabi/4.9.3/armv6-m\libgcc.a(_divsi3.o)
                                                  c:/program files (x86)/atmel/studio/7.0/toolchain/arm/arm-gnu-toolchain/bin/../lib/gcc/arm-none-eabi/4.9.3/armv6-m\libgcc.a(_udivsi3.o)
__aeabi_idivmod                                   c:/program files (x86)/atmel/studio/7.0/toolchain/arm/arm-gnu-toolchain/bin/../lib/gcc/arm-none-eabi/4.9.3/armv6-m\libgcc.a(_divsi3.o)
__aeabi_ldiv0                                     c:/program files (x86)/atmel/studio/7.0/toolchain/arm/arm-gnu-toolchain/bin/../lib/gcc/arm-none-eabi/4.9.3/armv6-m\libgcc.a(_dvmd_tls.o)
__aeabi_lmul                                      c:/program files (x86)/atmel/studio/7.0/toolchain/arm/arm-gnu-toolchain/bin/../lib/gcc/arm-none-eabi/4.9.3/armv6-m\libgcc.a(_muldi3.o)
                                                  c:/program files (x86)/atmel/studio/7.0/toolchain/arm/arm-gnu-toolchain/bin/../lib/gcc/arm-none-eabi/4.9.3/../../../../arm-none-eabi/lib/armv6-m\libc_nano.a(lib_a-rand.o)
                                                  src/ASF/sam0/drivers/sercom/sercom.o
__aeabi_ui2d                                      c:/program files (x86)/atmel/studio/7.0/toolchain/arm/arm-gnu-toolchain/bin/../lib/gcc/arm-none-eabi/4.9.3/armv6-m\libgcc.a(floatunsidf.o)
                                                  src/ASF/thirdparty/wireless/ble_sdk/src/platform.o
__aeabi_uidiv                                     c:/program files (x86)/atmel/studio/7.0/toolchain/arm/arm-gnu-toolchain/bin/../lib/gcc/arm-none-eabi/4.9.3/armv6-m\libgcc.a(_udivsi3.o)
                                                  c:/program files (x86)/atmel/studio/7.0/toolchain/arm/arm-gnu-toolchain/bin/../lib/gcc/arm-none-eabi/4.9.3/../../../../arm-none-eabi/lib/armv6-m\libc_nano.a(lib_a-nano-vfprintf_i.o)
                                                  c:/program files (x86)/atmel/studio/7.0/toolchain/arm/arm-gnu-toolchain/bin/../lib/gcc/arm-none-eabi/4.9.3/armv6-m\libgcc.a(divdf3.o)
                                                  src/ASF/thirdparty/wireless/ble_sdk/services/timer/sam0/timer_hw.o
                                                  src/ASF/sam0/drivers/system/clock/clock_saml22/gclk.o
                                                  src/ASF/sam0/drivers/system/clock/clock_saml22/clock.o
                                                  src/ASF/common2/services/delay/sam0/systick_counter.o
__aeabi_uidivmod                                  c:/program files (x86)/atmel/studio/7.0/toolchain/arm/arm-gnu-toolchain/bin/../lib/gcc/arm-none-eabi/4.9.3/armv6-m\libgcc.a(_udivsi3.o)
                                                  c:/program files (x86)/atmel/studio/7.0/toolchain/arm/arm-gnu-toolchain/bin/../lib/gcc/arm-none-eabi/4.9.3/../../../../arm-none-eabi/lib/armv6-m\libc_nano.a(lib_a-nano-vfprintf_i.o)
                                                  c:/program files (x86)/atmel/studio/7.0/toolchain/arm/arm-gnu-toolchain/bin/../lib/gcc/arm-none-eabi/4.9.3/armv6-m\libgcc.a(divdf3.o)
__bss_end__                                       c:/program files (x86)/atmel/studio/7.0/toolchain/arm/arm-gnu-toolchain/bin/../lib/gcc/arm-none-eabi/4.9.3/../../../../arm-none-eabi/lib/armv6-m/crt0.o
__bss_start__                                     c:/program files (x86)/atmel/studio/7.0/toolchain/arm/arm-gnu-toolchain/bin/../lib/gcc/arm-none-eabi/4.9.3/../../../../arm-none-eabi/lib/armv6-m/crt0.o
__call_exitprocs                                  c:/program files (x86)/atmel/studio/7.0/toolchain/arm/arm-gnu-toolchain/bin/../lib/gcc/arm-none-eabi/4.9.3/../../../../arm-none-eabi/lib/armv6-m\libc_nano.a(lib_a-exit.o)
__clzsi2                                          c:/program files (x86)/atmel/studio/7.0/toolchain/arm/arm-gnu-toolchain/bin/../lib/gcc/arm-none-eabi/4.9.3/armv6-m\libgcc.a(_clzsi2.o)
                                                  c:/program files (x86)/atmel/studio/7.0/toolchain/arm/arm-gnu-toolchain/bin/../lib/gcc/arm-none-eabi/4.9.3/armv6-m\libgcc.a(floatunsidf.o)
                                                  c:/program files (x86)/atmel/studio/7.0/toolchain/arm/arm-gnu-toolchain/bin/../lib/gcc/arm-none-eabi/4.9.3/armv6-m\libgcc.a(subdf3.o)
                                                  c:/program files (x86)/atmel/studio/7.0/toolchain/arm/arm-gnu-toolchain/bin/../lib/gcc/arm-none-eabi/4.9.3/armv6-m\libgcc.a(muldf3.o)
                                                  c:/program files (x86)/atmel/studio/7.0/toolchain/arm/arm-gnu-toolchain/bin/../lib/gcc/arm-none-eabi/4.9.3/armv6-m\libgcc.a(divdf3.o)
__deregister_frame_info                           c:/program files (x86)/atmel/studio/7.0/toolchain/arm/arm-gnu-toolchain/bin/../lib/gcc/arm-none-eabi/4.9.3/armv6-m/crtbegin.o
__divsi3                                          c:/program files (x86)/atmel/studio/7.0/toolchain/arm/arm-gnu-toolchain/bin/../lib/gcc/arm-none-eabi/4.9.3/armv6-m\libgcc.a(_divsi3.o)
__dso_handle                                      c:/program files (x86)/atmel/studio/7.0/toolchain/arm/arm-gnu-toolchain/bin/../lib/gcc/arm-none-eabi/4.9.3/armv6-m/crtbegin.o
__eqdf2                                           c:/program files (x86)/atmel/studio/7.0/toolchain/arm/arm-gnu-toolchain/bin/../lib/gcc/arm-none-eabi/4.9.3/armv6-m\libgcc.a(eqdf2.o)
                                                  c:/program files (x86)/atmel/studio/7.0/toolchain/arm/arm-gnu-toolchain/bin/../lib/gcc/arm-none-eabi/4.9.3/armv6-m\libgcc.a(_arm_cmpdf2.o)
__fixunsdfsi                                      c:/program files (x86)/atmel/studio/7.0/toolchain/arm/arm-gnu-toolchain/bin/../lib/gcc/arm-none-eabi/4.9.3/armv6-m\libgcc.a(_fixunsdfsi.o)
__fp_lock_all                                     c:/program files (x86)/atmel/studio/7.0/toolchain/arm/arm-gnu-toolchain/bin/../lib/gcc/arm-none-eabi/4.9.3/../../../../arm-none-eabi/lib/armv6-m\libc_nano.a(lib_a-findfp.o)
__fp_unlock_all                                   c:/program files (x86)/atmel/studio/7.0/toolchain/arm/arm-gnu-toolchain/bin/../lib/gcc/arm-none-eabi/4.9.3/../../../../arm-none-eabi/lib/armv6-m\libc_nano.a(lib_a-findfp.o)
__gedf2                                           c:/program files (x86)/atmel/studio/7.0/toolchain/arm/arm-gnu-toolchain/bin/../lib/gcc/arm-none-eabi/4.9.3/armv6-m\libgcc.a(gedf2.o)
                                                  c:/program files (x86)/atmel/studio/7.0/toolchain/arm/arm-gnu-toolchain/bin/../lib/gcc/arm-none-eabi/4.9.3/armv6-m\libgcc.a(_arm_cmpdf2.o)
__gtdf2                                           c:/program files (x86)/atmel/studio/7.0/toolchain/arm/arm-gnu-toolchain/bin/../lib/gcc/arm-none-eabi/4.9.3/armv6-m\libgcc.a(gedf2.o)
__init_array_end                                  c:/program files (x86)/atmel/studio/7.0/toolchain/arm/arm-gnu-toolchain/bin/../lib/gcc/arm-none-eabi/4.9.3/../../../../arm-none-eabi/lib/armv6-m\libc_nano.a(lib_a-init.o)
__init_array_start                                c:/program files (x86)/atmel/studio/7.0/toolchain/arm/arm-gnu-toolchain/bin/../lib/gcc/arm-none-eabi/4.9.3/../../../../arm-none-eabi/lib/armv6-m\libc_nano.a(lib_a-init.o)
__ledf2                                           c:/program files (x86)/atmel/studio/7.0/toolchain/arm/arm-gnu-toolchain/bin/../lib/gcc/arm-none-eabi/4.9.3/armv6-m\libgcc.a(ledf2.o)
                                                  c:/program files (x86)/atmel/studio/7.0/toolchain/arm/arm-gnu-toolchain/bin/../lib/gcc/arm-none-eabi/4.9.3/armv6-m\libgcc.a(_arm_cmpdf2.o)
__libc_fini_array                                 c:/program files (x86)/atmel/studio/7.0/toolchain/arm/arm-gnu-toolchain/bin/../lib/gcc/arm-none-eabi/4.9.3/../../../../arm-none-eabi/lib/armv6-m/crt0.o
__libc_init_array                                 c:/program files (x86)/atmel/studio/7.0/toolchain/arm/arm-gnu-toolchain/bin/../lib/gcc/arm-none-eabi/4.9.3/../../../../arm-none-eabi/lib/armv6-m\libc_nano.a(lib_a-init.o)
                                                  src/ASF/sam0/utils/cmsis/saml22/source/gcc/startup_saml22.o
                                                  c:/program files (x86)/atmel/studio/7.0/toolchain/arm/arm-gnu-toolchain/bin/../lib/gcc/arm-none-eabi/4.9.3/../../../../arm-none-eabi/lib/armv6-m/crt0.o
__ltdf2                                           c:/program files (x86)/atmel/studio/7.0/toolchain/arm/arm-gnu-toolchain/bin/../lib/gcc/arm-none-eabi/4.9.3/armv6-m\libgcc.a(ledf2.o)
__malloc_free_list                                c:/program files (x86)/atmel/studio/7.0/toolchain/arm/arm-gnu-toolchain/bin/../lib/gcc/arm-none-eabi/4.9.3/../../../../arm-none-eabi/lib/armv6-m\libc_nano.a(lib_a-nano-mallocr.o)
                                                  c:/program files (x86)/atmel/studio/7.0/toolchain/arm/arm-gnu-toolchain/bin/../lib/gcc/arm-none-eabi/4.9.3/../../../../arm-none-eabi/lib/armv6-m\libc_nano.a(lib_a-nano-freer.o)
__malloc_sbrk_start                               c:/program files (x86)/atmel/studio/7.0/toolchain/arm/arm-gnu-toolchain/bin/../lib/gcc/arm-none-eabi/4.9.3/../../../../arm-none-eabi/lib/armv6-m\libc_nano.a(lib_a-nano-mallocr.o)
__muldi3                                          c:/program files (x86)/atmel/studio/7.0/toolchain/arm/arm-gnu-toolchain/bin/../lib/gcc/arm-none-eabi/4.9.3/armv6-m\libgcc.a(_muldi3.o)
__nedf2                                           c:/program files (x86)/atmel/studio/7.0/toolchain/arm/arm-gnu-toolchain/bin/../lib/gcc/arm-none-eabi/4.9.3/armv6-m\libgcc.a(eqdf2.o)
__preinit_array_end                               c:/program files (x86)/atmel/studio/7.0/toolchain/arm/arm-gnu-toolchain/bin/../lib/gcc/arm-none-eabi/4.9.3/../../../../arm-none-eabi/lib/armv6-m\libc_nano.a(lib_a-init.o)
__preinit_array_start                             c:/program files (x86)/atmel/studio/7.0/toolchain/arm/arm-gnu-toolchain/bin/../lib/gcc/arm-none-eabi/4.9.3/../../../../arm-none-eabi/lib/armv6-m\libc_nano.a(lib_a-init.o)
__register_frame_info                             c:/program files (x86)/atmel/studio/7.0/toolchain/arm/arm-gnu-toolchain/bin/../lib/gcc/arm-none-eabi/4.9.3/armv6-m/crtbegin.o
__sclose                                          c:/program files (x86)/atmel/studio/7.0/toolchain/arm/arm-gnu-toolchain/bin/../lib/gcc/arm-none-eabi/4.9.3/../../../../arm-none-eabi/lib/armv6-m\libc_nano.a(lib_a-stdio.o)
                                                  c:/program files (x86)/atmel/studio/7.0/toolchain/arm/arm-gnu-toolchain/bin/../lib/gcc/arm-none-eabi/4.9.3/../../../../arm-none-eabi/lib/armv6-m\libc_nano.a(lib_a-findfp.o)
__seofread                                        c:/program files (x86)/atmel/studio/7.0/toolchain/arm/arm-gnu-toolchain/bin/../lib/gcc/arm-none-eabi/4.9.3/../../../../arm-none-eabi/lib/armv6-m\libc_nano.a(lib_a-stdio.o)
__sf_fake_stderr                                  c:/program files (x86)/atmel/studio/7.0/toolchain/arm/arm-gnu-toolchain/bin/../lib/gcc/arm-none-eabi/4.9.3/../../../../arm-none-eabi/lib/armv6-m\libc_nano.a(lib_a-findfp.o)
                                                  c:/program files (x86)/atmel/studio/7.0/toolchain/arm/arm-gnu-toolchain/bin/../lib/gcc/arm-none-eabi/4.9.3/../../../../arm-none-eabi/lib/armv6-m\libc_nano.a(lib_a-wsetup.o)
                                                  c:/program files (x86)/atmel/studio/7.0/toolchain/arm/arm-gnu-toolchain/bin/../lib/gcc/arm-none-eabi/4.9.3/../../../../arm-none-eabi/lib/armv6-m\libc_nano.a(lib_a-wbuf.o)
                                                  c:/program files (x86)/atmel/studio/7.0/toolchain/arm/arm-gnu-toolchain/bin/../lib/gcc/arm-none-eabi/4.9.3/../../../../arm-none-eabi/lib/armv6-m\libc_nano.a(lib_a-putc.o)
                                                  c:/program files (x86)/atmel/studio/7.0/toolchain/arm/arm-gnu-toolchain/bin/../lib/gcc/arm-none-eabi/4.9.3/../../../../arm-none-eabi/lib/armv6-m\libc_nano.a(lib_a-nano-vfprintf.o)
                                                  c:/program files (x86)/atmel/studio/7.0/toolchain/arm/arm-gnu-toolchain/bin/../lib/gcc/arm-none-eabi/4.9.3/../../../../arm-none-eabi/lib/armv6-m\libc_nano.a(lib_a-fflush.o)
                                                  c:/program files (x86)/atmel/studio/7.0/toolchain/arm/arm-gnu-toolchain/bin/../lib/gcc/arm-none-eabi/4.9.3/../../../../arm-none-eabi/lib/armv6-m\libc_nano.a(lib_a-setvbuf.o)
                                                  c:/program files (x86)/atmel/studio/7.0/toolchain/arm/arm-gnu-toolchain/bin/../lib/gcc/arm-none-eabi/4.9.3/../../../../arm-none-eabi/lib/armv6-m\libc_nano.a(lib_a-impure.o)
__sf_fake_stdin                                   c:/program files (x86)/atmel/studio/7.0/toolchain/arm/arm-gnu-toolchain/bin/../lib/gcc/arm-none-eabi/4.9.3/../../../../arm-none-eabi/lib/armv6-m\libc_nano.a(lib_a-findfp.o)